jetbot@jetbot:~$ lspci
00:01.0 PCI bridge: NVIDIA Corporation Device 0fae (rev a1)
00:02.0 PCI bridge: NVIDIA Corporation Device 0faf (rev a1)
01:00.0 Network controller: Intel Corporation Wireless-AC 9260 (rev 29)
02:00.0 Ethernet controller: Realtek Semiconductor Co., Ltd. RTL8111/8168/8411 PCI Express Gigabit Ethernet Controller (rev 15)
jetbot@jetbot:~$ dmesg | grep iwl
jetbot@jetbot:~$ dmesg
[    0.000000] Booting Linux on physical CPU 0x0
[    0.000000] Linux version 4.9.140-tegra (buildbrain@mobile-u64-3531) (gcc version 7.3.1 20180425 [linaro-7.3-2018.05 revision d29120a424ecfbc167ef90065c0eeb7f91977701] (Linaro GCC 7.3-2018.05) ) #1 SMP PREEMPT Wed Mar 13 00:32:22 PDT 2019
[    0.000000] Boot CPU: AArch64 Processor [411fd071]
[    0.000000] OF: fdt:memory scan node memory@80000000, reg size 48,
[    0.000000] OF: fdt: - 80000000 ,  7ee00000
[    0.000000] OF: fdt: - 100000000 ,  7f200000
[    0.000000] Found tegra_fbmem: 00800000@92cb6000
[    0.000000] OF: fdt:Reserved memory: failed to reserve memory for node 'fb0_carveout': base 0x0000000000000000, size 0 MiB
[    0.000000] OF: fdt:Reserved memory: failed to reserve memory for node 'fb0_carveout': base 0x0000000000000000, size 0 MiB
[    0.000000] OF: fdt:Reserved memory: failed to reserve memory for node 'fb1_carveout': base 0x0000000000000000, size 0 MiB
[    0.000000] OF: fdt:Reserved memory: failed to reserve memory for node 'fb1_carveout': base 0x0000000000000000, size 0 MiB
[    0.000000] OF: reserved mem: initialized node vpr-carveout, compatible id nvidia,vpr-carveout
[    0.000000] OF: reserved mem: initialized node iram-carveout, compatible id nvidia,iram-carveout
[    0.000000] OF: reserved mem: initialized node ramoops_carveout, compatible id nvidia,ramoops
[    0.000000] cma: Reserved 64 MiB at 0x00000000fac00000
[    0.000000] On node 0 totalpages: 1039872
[    0.000000]   DMA zone: 8192 pages used for memmap
[    0.000000]   DMA zone: 0 pages reserved
[    0.000000]   DMA zone: 519168 pages, LIFO batch:31
[    0.000000]   Normal zone: 8136 pages used for memmap
[    0.000000]   Normal zone: 520704 pages, LIFO batch:31
[    0.000000] psci: probing for conduit method from DT.
[    0.000000] psci: PSCIv1.0 detected in firmware.
[    0.000000] psci: Using standard PSCI v0.2 function IDs
[    0.000000] psci: MIGRATE_INFO_TYPE not supported.
[    0.000000] psci: SMC Calling Convention v1.1
[    0.000000] percpu: Embedded 23 pages/cpu @ffffffc0fefd2000 s53400 r8192 d32616 u94208
[    0.000000] pcpu-alloc: s53400 r8192 d32616 u94208 alloc=23*4096
[    0.000000] pcpu-alloc: [0] 0 [0] 1 [0] 2 [0] 3 
[    0.000000] CPU features: enabling workaround for ARM erratum 832075
[    0.000000] Speculative Store Bypass Disable mitigation not required
[    0.000000] Built 1 zonelists in Zone order, mobility grouping on.  Total pages: 1023544
[    0.000000] Kernel command line: tegraid=21.1.2.0.0 ddr_die=4096M@2048M section=512M memtype=0 vpr_resize usb_port_owner_info=0 lane_owner_info=0 emc_max_dvfs=0 touch_id=0@63 video=tegrafb no_console_suspend=1 console=ttyS0,115200n8 debug_uartport=lsport,0 earlyprintk=uart8250-32bit,0x70006000 maxcpus=4 usbcore.old_scheme_first=1 lp0_vec=0x1000@0xff780000 core_edp_mv=1075 core_edp_ma=4000 tegra_fbmem=0x800000@0x92cb6000 is_hdmi_initialised=1  root=/dev/mmcblk0p1 rw rootwait console=ttyS0,115200n8 console=tty0 fbcon=map:0 net.ifnames=0    root=/dev/mmcblk0p1 rw rootwait console=ttyS0,115200n8 console=tty0 fbcon=map:0 net.ifnames=0 rootfstype=ext4 root=/dev/mmcblk0p1 rw rootwait
[    0.000000] log_buf_len individual max cpu contribution: 32768 bytes
[    0.000000] log_buf_len total cpu_extra contributions: 98304 bytes
[    0.000000] log_buf_len min size: 32768 bytes
[    0.000000] log_buf_len: 131072 bytes
[    0.000000] early log buf free: 29384(89%)
[    0.000000] PID hash table entries: 4096 (order: 3, 32768 bytes)
[    0.000000] Dentry cache hash table entries: 524288 (order: 10, 4194304 bytes)
[    0.000000] Inode-cache hash table entries: 262144 (order: 9, 2097152 bytes)
[    0.000000] Memory: 3567872K/4159488K available (15166K kernel code, 2914K rwdata, 6616K rodata, 8512K init, 605K bss, 116480K reserved, 475136K cma-reserved)
[    0.000000] Virtual kernel memory layout:
[    0.000000]     modules : 0xffffff8000000000 - 0xffffff8008000000   (   128 MB)
[    0.000000]     vmalloc : 0xffffff8008000000 - 0xffffffbebfff0000   (   250 GB)
[    0.000000]       .text : 0xffffff8008080000 - 0xffffff8008f50000   ( 15168 KB)
[    0.000000]     .rodata : 0xffffff8008f50000 - 0xffffff80095d0000   (  6656 KB)
[    0.000000]       .init : 0xffffff80095d0000 - 0xffffff8009e20000   (  8512 KB)
[    0.000000]       .data : 0xffffff8009e20000 - 0xffffff800a0f8808   (  2915 KB)
[    0.000000]        .bss : 0xffffff800a0f8808 - 0xffffff800a18fe3c   (   606 KB)
[    0.000000]     fixed   : 0xffffffbefe7fd000 - 0xffffffbefec00000   (  4108 KB)
[    0.000000]     PCI I/O : 0xffffffbefee00000 - 0xffffffbeffe00000   (    16 MB)
[    0.000000]     vmemmap : 0xffffffbf00000000 - 0xffffffc000000000   (     4 GB maximum)
[    0.000000]               0xffffffbf00000000 - 0xffffffbf03fc8000   (    63 MB actual)
[    0.000000]     memory  : 0xffffffc000000000 - 0xffffffc0ff200000   (  4082 MB)
[    0.000000] SLUB: HWalign=64, Order=0-3, MinObjects=0, CPUs=4, Nodes=1
[    0.000000] Preemptible hierarchical RCU implementation.
[    0.000000] 	Build-time adjustment of leaf fanout to 64.
[    0.000000] 	RCU restricting CPUs from NR_CPUS=64 to nr_cpu_ids=4.
[    0.000000] RCU: Adjusting geometry for rcu_fanout_leaf=64, nr_cpu_ids=4
[    0.000000] NR_IRQS:64 nr_irqs:64 0
[    0.000000] /interrupt-controller@60004000: 192 interrupts forwarded to /interrupt-controller
[    0.000000] t210 clock and reset probe
[    0.000000] boot misc1 0x90000000: expected 0x10000000
[    0.000000]  (comparison mask = 0xf8000000)
[    0.000000] boot misc2 0x0: expected 0xf6e0f620
[    0.000000]  (comparison mask = 0xffffffff)
[    0.000000] boot misc3 0xf5c1: expected 0x10000
[    0.000000]  (comparison mask = 0xffffffff)
[    0.000000] PLL_D2 already enabled. Postponing set full defaults
[    0.000000] tegra-pmc: get_secure_pmc_setting: done secure_pmc=1
[    0.000000] clk_cbus_recalc_rate: no gbus parent
[    0.000000] clk_cbus_recalc_rate: no gbus parent
[    0.000000] clk_cbus_recalc_rate: no gbus parent
[    0.000000] clk_cbus_recalc_rate: no gbus parent
[    0.000000] clk_cbus_recalc_rate: no gbus parent
[    0.000000] arm_arch_timer: Architected cp15 timer(s) running at 19.20MHz (phys).
[    0.000000] clocksource: arch_sys_counter: mask: 0xffffffffffffff max_cycles: 0x46d987e47, max_idle_ns: 440795202767 ns
[    0.000007] sched_clock: 56 bits at 19MHz, resolution 52ns, wraps every 4398046511078ns
[    0.001519] Console: colour dummy device 80x25
[    0.002460] console [tty0] enabled
[    0.002485] kmemleak: Kernel memory leak detector disabled
[    0.002513] Calibrating delay loop (skipped), value calculated using timer frequency.. 38.40 BogoMIPS (lpj=76800)
[    0.002542] pid_max: default: 32768 minimum: 301
[    0.003010] Security Framework initialized
[    0.003246] Mount-cache hash table entries: 8192 (order: 4, 65536 bytes)
[    0.003266] Mountpoint-cache hash table entries: 8192 (order: 4, 65536 bytes)
[    0.004534] ftrace: allocating 46802 entries in 183 pages
[    0.177577] sched-energy: CPU device node has no sched-energy-costs
[    0.177608] ASID allocator initialised with 65536 entries
[    0.215689] tegra-id: chipid=22117.
[    0.215733] tegra-id: opt_subrevision=0.
[    0.215761] Tegra Speedo/IDDQ fuse revision 4
[    0.215776] Tegra: CPU Speedo ID 9, SoC Speedo ID 0, GPU Speedo ID 2
[    0.215791] Tegra: CPU Process ID 0, SoC Process ID 1, GPU Process ID 0
[    0.215807] Tegra: CPU Speedo Value 2081, SoC Speedo Value 1982, GPU Speedo Value 2093
[    0.215828] Tegra: CPU IDDQ Value 2076, SoC IDDQ Value 2436, GPU IDDQ Value 2925
[    0.215862] Tegra Revision: A02 SKU: 0x8f CPU Process: 0 SoC Process: 1
[    0.215888] DTS File Name: /dvs/git/dirty/git-master_linux/kernel/kernel-4.9/arch/arm64/boot/dts/../../../../../../hardware/nvidia/platform/t210/porg/kernel-dts/tegra210-p3448-0000-p3449-0000-a02.dts
[    0.215922] DTB Build time: Mar 15 2019 09:52:07
[    0.265093] CPU1: Booted secondary processor [411fd071]
[    0.297005] CPU2: Booted secondary processor [411fd071]
[    0.328996] CPU3: Booted secondary processor [411fd071]
[    0.329095] Brought up 4 CPUs
[    0.329157] SMP: Total of 4 processors activated.
[    0.329174] CPU features: detected feature: 32-bit EL0 Support
[    0.329454] CPU: All CPU(s) started at EL2
[    0.329484] alternatives: patching kernel code
[    0.337775] devtmpfs: initialized
[    0.372667] Initilizing CustomIPI irq domain
[    0.373085] clocksource: jiffies: mask: 0xffffffff max_cycles: 0xffffffff, max_idle_ns: 7645041785100000 ns
[    0.373164] futex hash table entries: 1024 (order: 4, 65536 bytes)
[    0.384593] pinctrl core: initialized pinctrl subsystem
[    0.385307] OS set in device tree is not L4T.
[    0.385763] regulator-dummy: no parameters
[    0.386055] Initializing plugin-manager
[    0.386218] Plugin module not found
[    0.386438] node /plugin-manager/fragement@0 match with board >=3448-0000-100
[    0.386989] node /plugin-manager/fragment@1 match with board >=3448-0000-101
[    0.387768] node /plugin-manager/fragment@5 match with board 3449-0000-200
[    0.391122] NET: Registered protocol family 16
[    0.402620] pstore: using zlib compression
[    0.403331] console [pstore-1] enabled
[    0.403350] pstore: Registered ramoops as persistent store backend
[    0.403368] ramoops: attached 0x200000@0xb0000000, ecc: 0/0
[    0.413104] cpuidle: using governor menu
[    0.417287] tegra_smmu 70019000.iommu: Loaded Tegra IOMMU driver
[    0.418871] vdso: 2 pages (1 code @ ffffff8008f57000, 1 data @ ffffff8009e24000)
[    0.418919] hw-breakpoint: found 6 breakpoint and 4 watchpoint registers.
[    0.421686] atomic_pool_init():622: DMA: preallocated 1024 KiB pool for atomic allocations
[    0.423222] tegra_bpmp_of_clk_init: EMC proxy not found.
[    0.424210] tegra_powergate_init: DONE
[    0.424253] DTS File Name: /dvs/git/dirty/git-master_linux/kernel/kernel-4.9/arch/arm64/boot/dts/../../../../../../hardware/nvidia/platform/t210/porg/kernel-dts/tegra210-p3448-0000-p3449-0000-a02.dts
[    0.424291] DTB Build time: Mar 15 2019 09:52:07
[    0.426008] Tegra reboot handler registered.
[    0.430422] iommu: Adding device tegra-carveouts to group 0
[    0.430596] platform tegra-carveouts: domain=ffffffc0f9420318 allocates as[0]=ffffffc0f9b940a8
[    0.430988] iommu: Adding device smmu_test to group 1
[    0.431056] platform smmu_test: domain=ffffffc0f9420558 allocates as[0]=ffffffc0f9b94110
[    0.431893] mc: mapped MMIO address: 0xffffff800802e000 -> 0x70019000
[    0.431969] mc: mapped MMIO address: 0xffffff8008065000 -> 0x7001c000
[    0.432042] mc: mapped MMIO address: 0xffffff8008079000 -> 0x7001d000
[    0.432064] nv-tegra-mc 70019000.mc: No mssnvlink node
[    0.432098] mc-err: mcerr ops are set to t21x
[    0.441735] iommu: Adding device 70090000.xusb to group 2
[    0.442078] iommu: Adding device 70006000.serial to group 3
[    0.442159] platform 70006000.serial: domain=ffffffc0f9431c18 allocates as[0]=ffffffc0f9b94178
[    0.442600] iommu: Adding device 70006040.serial to group 4
[    0.442875] iommu: Adding device 70006200.serial to group 5
[    0.443080] iommu: Adding device sound to group 6
[    0.443145] platform sound: domain=ffffffc0f94a5198 allocates as[0]=ffffffc0f9b941e0
[    0.443726] iommu: Adding device 7000d400.spi to group 7
[    0.444020] iommu: Adding device 7000d600.spi to group 8
[    0.444341] iommu: Adding device 70410000.spi to group 9
[    0.444689] iommu: Adding device 50000000.host1x to group 10
[    0.444982] iommu: Adding device 54080000.vi to group 11
[    0.445433] iommu: Adding device 54600000.isp to group 12
[    0.445713] iommu: Adding device 54680000.isp to group 13
[    0.446006] iommu: Adding device tegradc.0 to group 14
[    0.446071] platform tegradc.0: domain=ffffffc0f94b30d8 allocates as[0]=ffffffc0f9b94248
[    0.450298] platform tegradc.0: IOVA linear map 0x0000000092cb6000(800000)
[    0.450713] platform tegradc.0: IOVA linear map 0x00000000d7000000(19000000)
[    0.451067] iommu: Adding device tegradc.1 to group 15
[    0.451136] platform tegradc.1: domain=ffffffc0f94b3318 allocates as[0]=ffffffc0f9b942b0
[    0.455324] platform tegradc.1: IOVA linear map 0x0000000092cb6000(800000)
[    0.455735] platform tegradc.1: IOVA linear map 0x00000000d7000000(19000000)
[    0.456036] iommu: Adding device 54340000.vic to group 16
[    0.456255] iommu: Adding device 544c0000.nvenc to group 17
[    0.456462] iommu: Adding device 54500000.tsec to group 18
[    0.456674] iommu: Adding device 54100000.tsecb to group 19
[    0.456892] iommu: Adding device 54480000.nvdec to group 20
[    0.457119] iommu: Adding device 54380000.nvjpg to group 21
[    0.458187] iommu: Adding device 546c0000.i2c to group 22
[    0.458541] iommu: Adding device 57000000.gpu to group 23
[    0.458613] platform 57000000.gpu: domain=ffffffc0f9537318 allocates as[0]=ffffffc0f9b94318
[    0.458693] platform 57000000.gpu: domain=ffffffc0f9537318 allocates as[1]=ffffffc0f9b94380
[    0.458754] platform 57000000.gpu: domain=ffffffc0f9537318 allocates as[2]=ffffffc0f9b943e8
[    0.458808] platform 57000000.gpu: domain=ffffffc0f9537318 allocates as[3]=ffffffc0f9b94450
[    0.459698] tegra-pmc 7000e400.pmc: i2c-thermtrip node not found, emergency thermal reset disabled.
[    0.459741] tegra-pmc 7000e400.pmc: scratch reg offset dts data not present
[    0.459768] tegra-pmc: ### PMC reset source: TEGRA_SOFTWARE_RESET
[    0.459788] tegra-pmc: ### PMC reset level: TEGRA_RESET_LEVEL_WARM
[    0.459804] tegra-pmc: ### PMC reset status reg: 0x3
[    0.509291] padctrl padctrl.0: Pad control driver tegra-pmc-padctrl registered
[    0.509326] tegra-pmc: Clear bootloader IO dpd settings
[    0.509360] tegra-pmc 7000e400.pmc: IO padctrl driver initialized
[    0.509440] tegra-pmc 7000e400.pmc: PMC: Successfully configure bootrom reset commands
[    0.509776] iommu: Adding device 70012000.se to group 24
[    0.510576] iommu: Adding device 7000c000.i2c to group 25
[    0.510851] iommu: Adding device 7000c400.i2c to group 26
[    0.511122] iommu: Adding device 7000c500.i2c to group 27
[    0.511401] iommu: Adding device 7000c700.i2c to group 28
[    0.511685] iommu: Adding device 7000d000.i2c to group 29
[    0.511951] iommu: Adding device 7000d100.i2c to group 30
[    0.512256] iommu: Adding device sdhci-tegra.0 to group 31
[    0.512330] platform sdhci-tegra.0: domain=ffffffc0f9546498 allocates as[0]=ffffffc0f9b944b8
[    0.513289] iommu: Adding device 700d0000.xudc to group 32
[    0.517907] vdd-ac-bat: 5000 mV 
[    0.518299] vdd-5v0-sys: 5000 mV 
[    0.519310] vdd-5v0-hdmi: supplied by vdd-5v0-sys
[    0.519368] vdd-5v0-hdmi: 5000 mV 
[    0.519793] vdd-1v8: 1800 mV 
[    0.520274] vdd-fan: supplied by vdd-5v0-sys
[    0.520329] vdd-fan: 5000 mV 
[    0.520747] vdd-usb-vbus: supplied by vdd-5v0-sys
[    0.520804] vdd-usb-vbus: 5000 mV 
[    0.521376] vdd-usb-vbus2: 5000 mV 
[    0.550190] HugeTLB registered 2 MB page size, pre-allocated 0 pages
[    0.552797] GPIO line 151 (camera-control-output-low) hogged as output/low
[    0.553232] gpiochip_setup_dev: registered GPIOs 0 to 255 on device: gpiochip0 (tegra-gpio)
[    0.561262] eventlib_kernel: keventlib is initialized, test id: 0
[    0.561629] SCSI subsystem initialized
[    0.561867] libata version 3.00 loaded.
[    0.562159] usbcore: registered new interface driver usbfs
[    0.562235] usbcore: registered new interface driver hub
[    0.562327] usbcore: registered new device driver usb
[    0.566404] max77620 4-003c: PMIC Version OTP:0x35 and ES:0x8
[    0.567816] random: fast init done
[    0.573170] vdd-core: 600 <--> 1162 mV at 1075 mV 
[    0.574386] vdd-ddr-1v1: Bringing 1125000uV into 1150000-1150000uV
[    0.577036] vdd-ddr-1v1: 1150 mV 
[    0.581099] vdd-pre-reg-1v35: 1350 mV 
[    0.585130] vdd-1v8: 1800 mV 
[    0.585402] vdd-1v8: Failed to create debugfs directory
[    0.589022] avdd-sys-1v2: 1200 mV 
[    0.593026] vdd-pex-1v0: 1050 mV 
[    0.593818] vddio-sdmmc-ap: 1800 <--> 3300 mV at 3300 mV 
[    0.594511] max77620-ldo3: at 3100 mV 
[    0.597025] vdd-rtc: 850 <--> 1100 mV at 1000 mV 
[    0.597667] max77620-ldo5: at 3100 mV 
[    0.598320] max77620-ldo6: at 2800 mV 
[    0.601029] avdd-1v05-pll: 1050 mV 
[    0.605021] avdd-io-hdmi-dp: 1050 mV 
[    0.606410] GPIO line 505 (spmic-default-output-high) hogged as output/high
[    0.606705] gpiochip_setup_dev: registered GPIOs 504 to 511 on device: gpiochip1 (max77620-gpio)
[    0.608799] max77620 4-003c: max77620 probe successful
[    0.611123] i2c i2c-6: Unbalanced pm_runtime_enable!
[    0.611690] media: Linux media interface: v0.10
[    0.611752] Linux video capture interface: v2.00
[    0.612688] pps_core: LinuxPPS API ver. 1 registered
[    0.612715] pps_core: Software ver. 5.3.6 - Copyright 2005-2007 Rodolfo Giometti <giometti@linux.it>
[    0.612762] PTP clock support registered
[    0.616226] tegra_fiq_debugger_init: found FIQ source (IRQ 98)
[    0.622638] tegra210-emc 7001b000.external-memory-controller: validated EMC DFS table
[    0.623545] Advanced Linux Sound Architecture Driver Initialized.
[    0.624251] Bluetooth: Core ver 2.22
[    0.624326] NET: Registered protocol family 31
[    0.624345] Bluetooth: HCI device and connection manager initialized
[    0.624372] Bluetooth: HCI socket layer initialized
[    0.624394] Bluetooth: L2CAP socket layer initialized
[    0.624433] Bluetooth: SCO socket layer initialized
[    0.626149] tegra210_dvfs: no clock found for sdmmc2_ddr
[    0.626188] tegra210_dvfs: no clock found for sdmmc4_ddr
[    0.626246] tegra210_dvfs: no clock found for sdmmc1_ddr
[    0.626272] tegra210_dvfs: no clock found for sdmmc3_ddr
[    0.629214] tegra_dvfs: Unable to get vdd-cpu rail for step info, defering probe
[    0.630753] vdd-3v3-sys: supplied by vdd-5v0-sys
[    0.630845] vdd-3v3-sys: 3300 mV 
[    0.631142] vdd-1v8: supplied by vdd-3v3-sys
[    0.633093] vdd-usb-vbus2: supplied by vdd-3v3-sys
[    0.633580] vdd-3v3-sd: supplied by vdd-3v3-sys
[    0.633635] vdd-3v3-sd: 3300 mV 
[    0.634606] avdd-io-edp-1v05: supplied by avdd-1v05-pll
[    0.634665] avdd-io-edp-1v05: 1050 mV 
[    0.635174] vdd-usb-hub-en: supplied by vdd-1v8
[    0.635227] vdd-usb-hub-en: 5000 mV 
[    0.636659] camchar: rtcpu character device driver loaded
[    0.637413] extcon-gpio-states extcon:extcon@1: Cable state:0, cable id:0
[    0.638810] clocksource: Switched to clocksource arch_sys_counter
[    0.678749] VFS: Disk quotas dquot_6.6.0
[    0.678980] VFS: Dquot-cache hash table entries: 512 (order 0, 4096 bytes)
[    0.679493] nvmap_heap_init: nvmap_heap_init: created heap block cache
[    0.679963] dma_declare_coherent_resizable_cma_memory:324: resizable heap=vpr, base=0x00000000d7000000, size=0x19000000
[    0.680016]  dma-vpr: heap size is not multiple of cma_chunk_size heap_info->num_chunks (13) rem_chunk_size(0x1000000)
[    0.680249] cma: enabled page replacement for spfn=d7000, epfn=f0000
[    0.680275] dma_declare_coherent_resizable_cma_memory:373: resizable cma heap=vpr create successful
[    0.680302] tegra-carveouts tegra-carveouts: assigned reserved memory node vpr-carveout
[    0.680350] tegra-carveouts tegra-carveouts: iram :dma coherent mem declare 0x0000000040001000,258048
[    0.680375] tegra-carveouts tegra-carveouts: assigned reserved memory node iram-carveout
[    0.680411] nvmap: nvmap_select_cache_ops() nvmap cache ops set to set/ways
[    0.680431] nvmap_page_pool_init: Total RAM pages: 1010752
[    0.680450] nvmap_page_pool_init: nvmap page pool size: 126344 pages (493 MB)
[    0.680572] nvmap_background_zero_thread: PP zeroing thread starting.
[    0.681049] misc nvmap: created heap iram base 0x0000000040001000 size (252KiB)
[    0.682083] misc nvmap: created heap vpr base 0x00000000d7000000 size (409600KiB)
[    0.690242] thermal thermal_zone0: Registering thermal zone thermal_zone0 for type AO-therm
[    0.690654] thermal thermal_zone1: Registering thermal zone thermal_zone1 for type CPU-therm
[    0.690972] thermal thermal_zone2: Registering thermal zone thermal_zone2 for type GPU-therm
[    0.691216] thermal thermal_zone3: Registering thermal zone thermal_zone3 for type PLL-therm
[    0.691414] thermal thermal_zone4: Registering thermal zone thermal_zone4 for type PMIC-Die
[    0.691725] pre_t19x_iso_plat_init(): iso emc max clk=1600000KHz
[    0.691746] pre_t19x_iso_plat_init(): max_iso_bw=33280000KB
[    0.692201] NET: Registered protocol family 2
[    0.693205] TCP established hash table entries: 32768 (order: 6, 262144 bytes)
[    0.693444] TCP bind hash table entries: 32768 (order: 7, 524288 bytes)
[    0.694002] TCP: Hash tables configured (established 32768 bind 32768)
[    0.694182] UDP hash table entries: 2048 (order: 4, 65536 bytes)
[    0.694280] UDP-Lite hash table entries: 2048 (order: 4, 65536 bytes)
[    0.694748] NET: Registered protocol family 1
[    0.695552] RPC: Registered named UNIX socket transport module.
[    0.695581] RPC: Registered udp transport module.
[    0.695598] RPC: Registered tcp transport module.
[    0.695615] RPC: Registered tcp NFSv4.1 backchannel transport module.
[    0.695640] PCI: CLS 0 bytes, default 64
[    0.695894] Trying to unpack rootfs image as initramfs...
[    0.705700] host1x 50000000.host1x: initialized
[    0.707723] hw perfevents: enabled with armv8_pmuv3 PMU driver, 7 counters available
[    0.711078] audit: initializing netlink subsys (disabled)
[    0.711170] audit: type=2000 audit(0.559:1): initialized
[    0.711947] workingset: timestamp_bits=46 max_order=20 bucket_order=0
[    0.722314] squashfs: version 4.0 (2009/01/31) Phillip Lougher
[    0.723929] ntfs: driver 2.1.32 [Flags: R/W].
[    0.724753] 9p: Installing v9fs 9p2000 file system support
[    0.728190] Block layer SCSI generic (bsg) driver version 0.4 loaded (major 240)
[    0.728342] io scheduler noop registered
[    0.728647] io scheduler cfq registered (default)
[    0.731436] gic 702f9000.agic: GIC IRQ controller registered
[    0.734421] iommu: Adding device 702ef000.adsp to group 33
[    0.741555] iommu: Adding device aconnect@702c0000:adsp_audio to group 34
[    0.741755] tegra-aconnect aconnect@702c0000: Tegra ACONNECT bus registered
[    0.742411] tegra-xusb-padctl 7009f000.xusb_padctl: TEGRA_FUSE_SKU_CALIB_0 = 0x924a410
[    0.742442] tegra-xusb-padctl 7009f000.xusb_padctl: TEGRA_FUSE_USB_CALIB_EXT_0 = 0x4
[    0.744467] tegra-xusb-padctl 7009f000.xusb_padctl: dev = phy-usb2.0, lane = usb2-0, function = xusb
[    0.744604] tegra-xusb-padctl 7009f000.xusb_padctl: dev = phy-usb2.1, lane = usb2-1, function = xusb
[    0.744761] tegra-xusb-padctl 7009f000.xusb_padctl: dev = phy-usb2.2, lane = usb2-2, function = xusb
[    0.744970] tegra-xusb-padctl 7009f000.xusb_padctl: dev = phy-pcie.3, lane = pcie-0, function = pcie-x1
[    0.745082] tegra-xusb-padctl 7009f000.xusb_padctl: dev = phy-pcie.4, lane = pcie-1, function = pcie-x4
[    0.745189] tegra-xusb-padctl 7009f000.xusb_padctl: dev = phy-pcie.5, lane = pcie-2, function = pcie-x4
[    0.745301] tegra-xusb-padctl 7009f000.xusb_padctl: dev = phy-pcie.6, lane = pcie-3, function = pcie-x4
[    0.745410] tegra-xusb-padctl 7009f000.xusb_padctl: dev = phy-pcie.7, lane = pcie-4, function = pcie-x4
[    0.745522] tegra-xusb-padctl 7009f000.xusb_padctl: dev = phy-pcie.8, lane = pcie-5, function = xusb
[    0.745630] tegra-xusb-padctl 7009f000.xusb_padctl: dev = phy-pcie.9, lane = pcie-6, function = xusb
[    0.751967] tegra-pwm 7000a000.pwm: PWM clk cannot sleep in ops
[    0.753325] tegra-dfll-pwm 70110000.pwm: DFLL pwm-rate: 12800000
[    0.755266] tegra-pcie 1003000.pcie-controller: 4x1, 1x1 configuration
[    0.756567] tegra-pcie 1003000.pcie-controller: PCIE: Enable power rails
[    0.756941] tegra-pcie 1003000.pcie-controller: probing port 0, using 4 lanes
[    0.758166] tegra_camera_platform tegra-camera-platform: tegra_camera_probe:camera_platform_driver probe
[    0.758440] misc tegra_camera_ctrl: tegra_camera_isomgr_register isp_iso_bw=1500000, vi_iso_bw=750000, max_bw=1500000
[    0.758721] Adding domain tsec-pd to PM domain host1x-pd
[    0.760820] tegra-pcie 1003000.pcie-controller: probing port 1, using 1 lanes
[    0.761879] tsec 54500000.tsec: initialized
[    0.763521] tsec 54100000.tsecb: initialized
[    0.764273] Adding domain nvdec-pd to PM domain host1x-pd
[    0.767501] nvdec 54480000.nvdec: initialized
[    0.768636] Adding domain vic03-pd to PM domain host1x-pd
[    0.768843] Adding domain msenc-pd to PM domain host1x-pd
[    0.769016] Adding domain nvjpg-pd to PM domain host1x-pd
[    0.772839] falcon 54340000.vic: initialized
[    0.774098] falcon 544c0000.nvenc: initialized
[    0.775472] falcon 54380000.nvjpg: initialized
[    0.780077] tegradc tegradc.0: disp0 connected to head0->/host1x/sor1
[    0.780214] display board info: id 0x0, fab 0x0
[    0.780293] generic_infoframe_type: 0x87
[    0.780435] tegradc tegradc.0: DT parsed successfully
[    0.780495] tegradc tegradc.0: Display dc.ffffff800ab40000 registered with id=0
[    0.781104] tegradc tegradc.0: Bootloader disp_param detected. Detected mode: 1920x1080 (on 0x0mm) pclk=148350781
[    0.783984] tegradc tegradc.0: probed
[    0.788846] tegra-apbdma 60020000.dma: Tegra20 APB DMA driver register 32 channels
[    0.793750] tegra-adma 702e2000.adma: Tegra210 ADMA driver registered 10 channels
[    0.794685] tegra-fuse-burn 7000f800.efuse:efuse-burn: Fuse burn driver initialized
[    0.795399] tegra-pcie 1003000.pcie-controller: PCI host bridge to bus 0000:00
[    0.795448] pci_bus 0000:00: root bus resource [io  0x0000-0xffff]
[    0.795472] pci_bus 0000:00: root bus resource [mem 0x13000000-0x1fffffff]
[    0.795494] pci_bus 0000:00: root bus resource [mem 0x20000000-0x3fffffff pref]
[    0.795524] pci_bus 0000:00: root bus resource [bus 00-ff]
[    0.795612] pci 0000:00:01.0: [10de:0fae] type 01 class 0x060400
[    0.795802] pci 0000:00:01.0: PME# supported from D0 D1 D2 D3hot D3cold
[    0.796055] kfuse 7000fc00.kfuse: initialized
[    0.796211] pci 0000:00:02.0: [10de:0faf] type 01 class 0x060400
[    0.796330] pci 0000:00:02.0: PME# supported from D0 D1 D2 D3hot D3cold
[    0.796583] pci 0000:00:01.0: bridge configuration invalid ([bus 00-00]), reconfiguring
[    0.796628] pci 0000:00:02.0: bridge configuration invalid ([bus 00-00]), reconfiguring
[    0.797339] pci 0000:01:00.0: [8086:2526] type 00 class 0x028000
[    0.797411] pci 0000:01:00.0: reg 0x10: [mem 0x00000000-0x00003fff 64bit]
[    0.797740] pci 0000:01:00.0: PME# supported from D0 D3hot D3cold
[    0.797973] tegra-pmc-iopower pmc-iopower: Regulator supply iopower-dbg-supply not available
[    0.799274] tegra-pmc-iopower pmc-iopower: NO_IOPOWER setting 0x0
[    0.800917] tegra-dfll-pwm 70110000.pwm: DFLL_PWM regulator is available now
[    0.800967] vdd-cpu: 708 <--> 1322 mV at 708 mV 
[    0.801534] pwm-regulator pwm_regulators:pwm-regulator@0: PWM regulator registration passed
[    0.803224] vdd-gpu: applied init 1000000uV constraint
[    0.803259] vdd-gpu: 708 <--> 1323 mV at 997 mV 
[    0.803732] pwm-regulator pwm_regulators:pwm-regulator@1: PWM regulator registration passed
[    0.807019] pci_bus 0000:01: busn_res: [bus 01-ff] end is updated to 01
[    0.807347] pci 0000:02:00.0: [10ec:8168] type 00 class 0x020000
[    0.807402] pci 0000:02:00.0: reg 0x10: [io  0x0000-0x00ff]
[    0.807458] pci 0000:02:00.0: reg 0x18: [mem 0x00000000-0x00000fff 64bit]
[    0.807490] pci 0000:02:00.0: reg 0x20: [mem 0x00000000-0x00003fff 64bit]
[    0.807791] pci 0000:02:00.0: supports D1 D2
[    0.807797] pci 0000:02:00.0: PME# supported from D0 D1 D2 D3hot D3cold
[    0.809755] Serial: 8250/16550 driver, 4 ports, IRQ sharing disabled
[    0.809960] No Device Node present for smmu client: serial8250 !!
[    0.809992] platform serial8250: No iommus property found in DT node, got swgids from fixup(101004000)
[    0.810079] iommu: Adding device serial8250 to group 35
[    0.813845] console [ttyS0] disabled
[    0.814033] 70006000.serial: ttyS0 at MMIO 0x70006000 (irq = 63, base_baud = 25500000) is a Tegra
[    0.822984] pci_bus 0000:02: busn_res: [bus 02-ff] end is updated to 02
[    0.823121] pci 0000:00:01.0: BAR 14: assigned [mem 0x13000000-0x130fffff]
[    0.823131] pci 0000:00:02.0: BAR 14: assigned [mem 0x13100000-0x131fffff]
[    0.823137] pci 0000:00:02.0: BAR 13: assigned [io  0x1000-0x1fff]
[    0.823154] pci 0000:01:00.0: BAR 0: assigned [mem 0x13000000-0x13003fff 64bit]
[    0.823193] pci 0000:00:01.0: PCI bridge to [bus 01]
[    0.823205] pci 0000:00:01.0:   bridge window [mem 0x13000000-0x130fffff]
[    0.823221] pci 0000:02:00.0: BAR 4: assigned [mem 0x13100000-0x13103fff 64bit]
[    0.823246] pci 0000:02:00.0: BAR 2: assigned [mem 0x13104000-0x13104fff 64bit]
[    0.823271] pci 0000:02:00.0: BAR 0: assigned [io  0x1000-0x10ff]
[    0.823281] pci 0000:00:02.0: PCI bridge to [bus 02]
[    0.823285] pci 0000:00:02.0:   bridge window [io  0x1000-0x1fff]
[    0.823293] pci 0000:00:02.0:   bridge window [mem 0x13100000-0x131fffff]
[    0.823697] tegra-pcie 1003000.pcie-controller: speed change : Gen-1 -> Gen-2
[    0.850072] pcieport 0000:00:01.0: Signaling PME through PCIe PME interrupt
[    0.850080] pci 0000:01:00.0: Signaling PME through PCIe PME interrupt
[    0.850087] pcie_pme 0000:00:01.0:pcie001: service driver pcie_pme loaded
[    0.850218] aer 0000:00:01.0:pcie002: service driver aer loaded
[    0.850456] pcieport 0000:00:02.0: Signaling PME through PCIe PME interrupt
[    0.850462] pci 0000:02:00.0: Signaling PME through PCIe PME interrupt
[    0.850468] pcie_pme 0000:00:02.0:pcie001: service driver pcie_pme loaded
[    0.850579] aer 0000:00:02.0:pcie002: service driver aer loaded
[    0.850830] pcieport 0000:00:01.0: AER: Multiple Uncorrected (Non-Fatal) error received: id=0010
[    0.850844] pcieport 0000:00:01.0: PCIe Bus Error: severity=Uncorrected (Non-Fatal), type=Transaction Layer, id=0008(Requester ID)
[    0.850850] pcieport 0000:00:01.0:   device [10de:0fae] error status/mask=00004000/00000000
[    0.850855] pcieport 0000:00:01.0:    [14] Completion Timeout     (First)
[    0.850862] pcieport 0000:00:01.0: broadcast error_detected message
[    0.850867] pcieport 0000:00:01.0: AER: Device recovery failed
[    3.297657] console [ttyS0] enabled
[    3.298248] Console: switching to colour frame buffer device 240x67
[    3.300147] 70006040.serial: ttyTHS1 at MMIO 0x70006040 (irq = 64, base_baud = 0) is a TEGRA_UART
[    3.300494] serial-tegra 70006200.serial: RX in PIO mode
[    3.300596] 70006200.serial: ttyTHS2 at MMIO 0x70006200 (irq = 65, base_baud = 0) is a TEGRA_UART
[    3.301662] [drm] Initialized
[    3.333871] brd: module loaded
[    3.338394] tegradc tegradc.0: fb registered
[    3.344491] loop: module loaded
[    3.347802] tegra_profiler: version: 1.132, samples/io: 46/26
[    3.351474] tegradc tegradc.0: DC initialized, skipping tegra_dc_program_mode.
[    3.351516] tegradc tegradc.0: hdmi: tmds rate:148351K prod-setting:prod_c_hdmi_75m_150m
[    3.352009] tegradc tegradc.0: hdmi: get RGB quant from REG programmed by BL.
[    3.352019] tegradc tegradc.0: hdmi: get YCC quant from REG programmed by BL.
[    3.352345] extcon-disp-state extcon:disp-state: cable 47 state 1
[    3.352350] Extcon AUX1(HDMI) enable
[    3.353230] tegradc tegradc.1: disp1 connected to head1->/host1x/sor
[    3.353302] tegradc tegradc.1: No lt-data, using default setting
[    3.353330] tegradc tegradc.1: No hpd-gpio in DT
[    3.353360] tegradc tegradc.1: DT parsed successfully
[    3.353413] tegradc tegradc.1: Display dc.ffffff800f4c0000 registered with id=1
[    3.354829] tegradc tegradc.1: dpd enable lookup fail:-19
[    3.359083] tegradc tegradc.1: probed
[    3.369699] edid invalid
[    3.397349] tegradc tegradc.0: nominal-pclk:148351648 parent:148350781 div:1.0 pclk:148350781 146868084~161703244
[    3.444831] tegradc tegradc.1: fb registered
[    3.444962] tegra_profiler: auth: init
[    3.446470] THERMAL EST: found 2 subdevs
[    3.446476] THERMAL EST num_resources: 0
[    3.446482] [THERMAL EST subdev 0]
[    3.446488] [THERMAL EST subdev 1]
[    3.446994] thermal thermal_zone5: Registering thermal zone thermal_zone5 for type thermal-fan-est
[    3.446995] THERMAL EST: thz register success.
[    3.451297] THERMAL EST: end of probe, return err: 0
[    3.452595] hisi_sas: driver version v1.6
[    3.457777] tegra-qspi 70410000.spi: Prod settings list not found
[    3.459355] qspi_mtd spi32766.0: MX25U3235F (4096 Kbytes)
[    3.459363] qspi_mtd spi32766.0: mtd .name = spi32766.0, .size = 0x400000 (4MiB) .erasesize = 0x00001000 (4KiB) .numeraseregions = 0
[    3.466669] libphy: Fixed MDIO Bus: probed
[    3.467359] tun: Universal TUN/TAP device driver, 1.6
[    3.467361] tun: (C) 1999-2004 Max Krasnyansky <maxk@qualcomm.com>
[    3.468609] e1000e: Intel(R) PRO/1000 Network Driver - 3.2.6-k
[    3.468612] e1000e: Copyright(c) 1999 - 2015 Intel Corporation.
[    3.468669] igb: Intel(R) Gigabit Ethernet Network Driver - version 5.4.0-k
[    3.468672] igb: Copyright (c) 2007-2014 Intel Corporation.
[    3.468726] igbvf: Intel(R) Gigabit Virtual Function Network Driver - version 2.4.0-k
[    3.468728] igbvf: Copyright (c) 2009 - 2012 Intel Corporation.
[    3.468783] Intel(R) 10GbE PCI Express Linux Network Driver - version 4.6.4
[    3.468788] Copyright(c) 1999 - 2017 Intel Corporation.
[    3.469703] r8168 0000:02:00.0: enabling device (0000 -> 0003)
[    3.469735] r8168 Gigabit Ethernet driver 8.045.08-NAPI loaded
[    3.487176] r8168 0000:02:00.0 (unnamed net_device) (uninitialized): Invalid ethernet address 00:00:00:00:00:00, trying device tree node
[    3.487331] r8168 0000:02:00.0 (unnamed net_device) (uninitialized): Found valid ethernet address 00:04:4b:e3:ff:31 from device tree
[    3.487951] r8168: This product is covered by one or more of the following patents: US6,570,884, US6,115,776, and US6,327,625.
[    3.487991] r8168  Copyright (C) 2017  Realtek NIC software team <nicfae@realtek.com> 
                This program comes with ABSOLUTELY NO WARRANTY; for details, please see <http://www.gnu.org/licenses/>. 
                This is free software, and you are welcome to redistribute it under certain conditions; see <http://www.gnu.org/licenses/>. 
[    3.488661] PPP generic driver version 2.4.2
[    3.488903] PPP BSD Compression module registered
[    3.488908] PPP Deflate Compression module registered
[    3.488955] PPP MPPE Compression module registered
[    3.488963] NET: Registered protocol family 24
[    3.489039] usbcore: registered new interface driver r8152
[    3.489084] usbcore: registered new interface driver asix
[    3.489154] usbcore: registered new interface driver ax88179_178a
[    3.489197] usbcore: registered new interface driver cdc_ether
[    3.489245] usbcore: registered new interface driver net1080
[    3.489290] usbcore: registered new interface driver cdc_subset
[    3.489334] usbcore: registered new interface driver zaurus
[    3.489389] usbcore: registered new interface driver cdc_ncm
[    3.489569] VFIO - User Level meta-driver version: 0.3
[    3.490953] ehci_hcd: USB 2.0 'Enhanced' Host Controller (EHCI) Driver
[    3.490977] ehci-pci: EHCI PCI platform driver
[    3.491023] ohci_hcd: USB 1.1 'Open' Host Controller (OHCI) Driver
[    3.491036] ohci-pci: OHCI PCI platform driver
[    3.491081] ohci-platform: OHCI generic platform driver
[    3.493858] tegra-xusb 70090000.xusb: USB2 port 0 has OTG_CAP
[    3.494471] tegra-xusb-padctl 7009f000.xusb_padctl: enabled OTG on UTMI pad 0
[    3.495667] tegra-xusb 70090000.xusb: extcon 0: ffffffc0fa5d2800 id
[    3.495787] tegra-xusb 70090000.xusb: Direct firmware load for tegra21x_xusb_firmware failed with error -2
[    3.495791] tegra-xusb 70090000.xusb: Falling back to user helper
[    3.497127] usbcore: registered new interface driver uas
[    3.497183] usbcore: registered new interface driver usb-storage
[    3.497291] usbcore: registered new interface driver usbserial
[    3.500467] tegra-xudc-new 700d0000.xudc: device count: 1
[    3.501825] tegra-xudc-new 700d0000.xudc: USB charger detection disabled
[    3.501838] tegra-xudc-new 700d0000.xudc: vbus state: 0
[    3.501871] tegra-xudc-new 700d0000.xudc: entering ELPG
[    3.502135] tegra-xudc-new 700d0000.xudc: entering ELPG done
[    3.502867] mousedev: PS/2 mouse device common for all mice
[    3.502961] usbcore: registered new interface driver xpad
[    3.751408] max77686-rtc max77620-rtc: rtc core: registered max77620-rtc as rtc0
[    3.763124] rtc rtc1: alarm rtc device
[    3.763143] tegra_rtc 7000e000.rtc: rtc core: registered 7000e000.rtc as rtc1
[    3.763199] tegra_rtc 7000e000.rtc: Tegra internal Real Time Clock
[    3.763803] i2c /dev entries driver
[    3.765669] imx219 6-0010: tegracam sensor driver:imx219_v2.0.6
[    3.835655] max77620-power max77620-power: Event recorder REG_NVERC : 0x0
[    3.877637] tegra_soctherm 700e2000.soctherm: pllx_offset tz:0 max:14, min:2
[    3.877642] tegra_soctherm 700e2000.soctherm: pllx_offset tz:2 max:8, min:4
[    3.878109] tegra_soctherm 700e2000.soctherm: soctherm: trip temperature -2147483647 forced to -127000
[    3.878124] tegra_soctherm 700e2000.soctherm: thermtrip: will shut down when cpu reaches 102500 mC
[    3.878133] tegra_soctherm 700e2000.soctherm: throttrip: will throttle when cpu reaches 100500 mC
[    3.878267] tegra_soctherm 700e2000.soctherm: soctherm: trip temperature -2147483647 forced to -127000
[    3.878277] tegra_soctherm 700e2000.soctherm: thermtrip: will shut down when gpu reaches 103000 mC
[    3.878282] tegra_soctherm 700e2000.soctherm: throttrip: will throttle when gpu reaches 101000 mC
[    3.878426] tegra_soctherm 700e2000.soctherm: soctherm: trip temperature -2147483647 forced to -127000
[    3.878435] tegra_soctherm 700e2000.soctherm: thermtrip: will shut down when pll reaches 127000 mC
[    3.878440] tegra_soctherm 700e2000.soctherm: throttrip: pll: missing hot temperature
[    3.878623] tegra_soctherm 700e2000.soctherm: failed to register sensor: -19
[    3.879581] tegra_aotag tegra-aotag: Registering sensor 0
[    3.879639] tegra_aotag tegra-aotag: Invalid temp readout
[    3.879666] tegra_aotag tegra-aotag: Invalid temp readout
[    3.879682] tegra_aotag tegra-aotag: Bound to TZ : ID 0
[    3.879691] tegra_aotag tegra-aotag: Probe done [SUCCESS]:0
[    3.880697] tegra_soctherm 700e2000.soctherm: soctherm: trip temperature -2147483647 forced to -127000
[    3.880716] tegra_dfll_action dfll-cdev-cap: Tegra DFLL 'cap cooling device' registered
[    3.880903] tegra_aotag tegra-aotag: Invalid temp readout
[    3.880935] tegra_dfll_action dfll-cdev-floor: Tegra DFLL 'floor cooling device' registered
[    3.881407] parse_throttle_dt_data: Num cap clks = 6
[    3.881412] parse_throttle_dt_data: clk=cclk_g type=2
[    3.881426] parse_throttle_dt_data: clk=gpu type=4
[    3.881452] parse_throttle_dt_data: clk=cap.throttle.c2bus type=0
[    3.881470] parse_throttle_dt_data: clk=cap.throttle.c3bus type=0
[    3.881491] parse_throttle_dt_data: clk=cap.throttle.sclk type=0
[    3.881494] parse_throttle_dt_data: clk=emc type=3
[    3.886445] tegra_soctherm 700e2000.soctherm: soctherm: trip temperature -2147483647 forced to -127000
[    3.886545] tegra_soctherm 700e2000.soctherm: soctherm: trip temperature -2147483647 forced to -127000
[    3.886765] tegra_throttle_probe: probe successful. #cdevs=4
[    3.887644] FAN dev name: pwm-fan
[    3.887700] FAN:gpio request success.
[    3.887778] pwm_fan_driver pwm-fan: cap state:7, cap pwm:255
[    3.888090] pwm_fan_driver pwm-fan: got pwm for fan. polarity is normal
[    3.888295] pwm_fan_driver pwm-fan: fan tach request irq success
[    3.888306] pwm_fan_driver pwm-fan: tach period: 1000
[    3.888417] pwm_fan_driver pwm-fan: index 0: pwm=0, rpm=0, rru=40, rrd=40, state:2
[    3.888423] pwm_fan_driver pwm-fan: index 1: pwm=80, rpm=1000, rru=2, rrd=2, state:2
[    3.888426] pwm_fan_driver pwm-fan: index 2: pwm=120, rpm=2000, rru=1, rrd=1, state:2
[    3.888430] pwm_fan_driver pwm-fan: index 3: pwm=160, rpm=3000, rru=1, rrd=1, state:2
[    3.888434] pwm_fan_driver pwm-fan: index 4: pwm=255, rpm=4000, rru=1, rrd=1, state:3
[    3.888437] pwm_fan_driver pwm-fan: index 5: pwm=255, rpm=5000, rru=1, rrd=1, state:3
[    3.888441] pwm_fan_driver pwm-fan: index 6: pwm=255, rpm=6000, rru=1, rrd=1, state:3
[    3.888444] pwm_fan_driver pwm-fan: index 7: pwm=255, rpm=7000, rru=1, rrd=1, state:4
[    3.888448] pwm_fan_driver pwm-fan: index 8: pwm=255, rpm=10000, rru=1, rrd=1, state:4
[    3.888451] pwm_fan_driver pwm-fan: index 9: pwm=255, rpm=11000, rru=1, rrd=1, state:4
[    3.889175] tegra-wdt 60005100.watchdog: Tegra WDT enabled on probe. Timeout = 120 seconds.
[    3.889584] tegra-wdt 60005100.watchdog: initialized (timeout = 120 sec, nowayout = 1)
[    3.890468] device-mapper: uevent: version 1.0.3
[    3.891078] device-mapper: ioctl: 4.35.0-ioctl (2016-06-23) initialised: dm-devel@redhat.com
[    3.896490] tegra210-cpufreq cpufreq: probe()...completed
[    3.897176] sdhci: Secure Digital Host Controller Interface driver
[    3.897177] sdhci: Copyright(c) Pierre Ossman
[    3.897178] sdhci-pltfm: SDHCI platform and OF driver helper
[    3.897655] sdhci-tegra sdhci-tegra.0: Got CD GPIO
[    3.898011] sdhci-tegra sdhci-tegra.0: Client registration for eMC Successful
[    3.898134] sdhci-tegra sdhci-tegra.0: wakeup init done, cdirq 300
[    3.901781] tegra-se 70012000.se: tegra_se_probe: complete
[    3.902298] hidraw: raw HID events driver (C) Jiri Kosina
[    3.903742] usbcore: registered new interface driver usbhid
[    3.903743] usbhid: USB HID core driver
[    3.935367] tegra21x_actmon 6000c800.actmon: in actmon_register()...
[    3.935620] tegra21x_actmon 6000c800.actmon: initialization Completed for the device mc_all
[    3.937389] nvpmodel: initialized successfully
[    3.938329] usbcore: registered new interface driver snd-usb-audio
[    3.938394] No Device Node present for smmu client: snd-soc-dummy !!
[    3.938398] platform snd-soc-dummy: No iommus property found in DT node, got swgids from fixup(101004000)
[    3.938414] iommu: Adding device snd-soc-dummy to group 36
[    3.946992] mmc0: SDHCI controller on sdhci-tegra.0 [sdhci-tegra.0] using ADMA 64-bit with 64 bit addr
[    3.953583] OPE platform probe
[    3.953671] OPE platform probe successful
[    3.953696] OPE platform probe
[    3.953777] OPE platform probe successful
[    3.978006] tegra-asoc: sound: ADMAIF1 <-> ADMAIF1 mapping ok
[    3.978140] tegra-asoc: sound: ADMAIF2 <-> ADMAIF2 mapping ok
[    3.978265] tegra-asoc: sound: ADMAIF3 <-> ADMAIF3 mapping ok
[    3.978390] tegra-asoc: sound: ADMAIF4 <-> ADMAIF4 mapping ok
[    3.978512] tegra-asoc: sound: ADMAIF5 <-> ADMAIF5 mapping ok
[    3.978636] tegra-asoc: sound: ADMAIF6 <-> ADMAIF6 mapping ok
[    3.978762] tegra-asoc: sound: ADMAIF7 <-> ADMAIF7 mapping ok
[    3.978902] tegra-asoc: sound: ADMAIF8 <-> ADMAIF8 mapping ok
[    3.979034] tegra-asoc: sound: ADMAIF9 <-> ADMAIF9 mapping ok
[    3.979157] tegra-asoc: sound: ADMAIF10 <-> ADMAIF10 mapping ok
[    3.992022] u32 classifier
[    3.992023]     Actions configured
[    3.992094] Initializing XFRM netlink socket
[    3.992825] NET: Registered protocol family 10
[    3.993525] NET: Registered protocol family 17
[    3.993536] NET: Registered protocol family 15
[    3.993610] bridge: filtering via arp/ip/ip6tables is no longer available by default. Update your scripts to load br_netfilter if you need this.
[    3.993655] Bluetooth: RFCOMM socket layer initialized
[    3.993663] Bluetooth: RFCOMM ver 1.11
[    3.993668] Bluetooth: HIDP (Human Interface Emulation) ver 1.2
[    3.993672] Bluetooth: HIDP socket layer initialized
[    3.993690] 9pnet: Installing 9P2000 support
[    3.993725] Key type dns_resolver registered
[    3.994789] Registered cp15_barrier emulation handler
[    3.994810] Registered setend emulation handler
[    3.996027] registered taskstats version 1
[    3.996643] Adding domain ve2-pd to PM domain host1x-pd
[    3.996884] Adding domain ve-pd to PM domain host1x-pd
[    4.531388] tegradc tegradc.0: blank - powerdown
[    4.534478] hpd: state 7 (Takeover from bootloader), hpd 0, pending_hpd_evt 1
[    4.534481] hpd: switching from state 7 (Takeover from bootloader) to state 0 (Reset)
[    4.534486] hpd: state 0 (Reset), hpd 0, pending_hpd_evt 0
[    4.535588] isp 54600000.isp: initialized
[    4.536370] isp 54680000.isp: initialized
[    4.542710] input: tegra-hda HDMI/DP,pcm=3 as /devices/70030000.hda/sound/card0/input0
[    4.549051] clk_cbus_recalc_rate: no gbus parent
[    4.549055] clk_cbus_round_rate: no gbus parent
[    4.549057] clk_cbus_round_rate: no gbus parent
[    4.549062] clk_cbus_recalc_rate: no gbus parent
[    4.549158] clk_cbus_recalc_rate: no gbus parent
[    4.549161] clk_cbus_round_rate: no gbus parent
[    4.549162] clk_cbus_round_rate: no gbus parent
[    4.549165] clk_cbus_recalc_rate: no gbus parent
[    4.549846] tegra_dvfs: GPU-cap: registered
[    4.549902] tegra dvfs: vdd-cpu: nominal 1168mV, offset 708000uV, step 19200uV, scaling enabled
[    4.549904] tegra dvfs: vdd-core: nominal 1075mV, offset 600000uV, step 12500uV, scaling enabled
[    4.549906] tegra dvfs: vdd-gpu: nominal 1048mV, offset 708000uV, step 10000uV, scaling enabled
[    4.552173] tegra_dvfs: vdd-gpu-vts: registered
[    4.553203] tegra_core_action core_dvfs_cdev_floor: Tegra CORE DVFS 'floor cooling device' registered
[    4.553824] tegra_core_action core_dvfs_cdev_cap: Tegra CORE DVFS 'cap cooling device' registered
[    4.554314] input: gpio-keys as /devices/gpio-keys/input/input1
[    4.565942] extcon-disp-state extcon:disp-state: cable 47 state 0
[    4.565944] Extcon AUX1(HDMI) disable
[    4.587750] tegra_rtc 7000e000.rtc: setting system clock to 2019-04-11 14:53:22 UTC (1554994402)
[    4.588702] vi 54080000.vi: vi_probe: ++
[    4.592195] vi 54080000.vi: initialized
[    4.594499] vi 54080000.vi: subdev nvcsi--1 bound
[    4.594511] vi 54080000.vi: subdev imx219 6-0010 bound
[    4.596566] Disable partitions left on by BL
[    4.596569]   disb
[    4.596616] bwmgr: missing cdev-type property
[    4.596708] tegra_soctherm 700e2000.soctherm: soctherm: trip temperature -2147483647 forced to -127000
[    4.596714] DRAM derating cdev registered.
[    4.597747] vdd-1v8: disabling
[    4.597749] vdd-fan: disabling
[    4.597751] vdd-usb-vbus: disabling
[    4.597752] vdd-usb-vbus2: disabling
[    4.597761] avdd-io-edp-1v05: disabling
[    4.597763] vdd-usb-hub-en: disabling
[    4.597909] ALSA device list:
[    4.597912]   #0: tegra-hda at 0x70038000 irq 83
[    4.597913]   #1: tegra-snd-t210ref-mobile-rt565x
[    4.624738] tegradc tegradc.0: unblank
[    4.631909] mmc0: hw tuning done ...
[    4.631944] mmc0: new ultra high speed SDR104 SDXC card at address aaaa
[    4.636347] mmcblk0: mmc0:aaaa SN128 119 GiB 
[    4.643340]  mmcblk0: p1 p2 p3 p4 p5 p6 p7 p8 p9 p10 p11 p12
[    4.662387] tegradc tegradc.0: nominal-pclk:319750000 parent:319750000 div:1.0 pclk:319750000 316552500~348527500
[    4.662439] tegradc tegradc.0: hdmi: tmds rate:319750K prod-setting:prod_c_hdmi_300m_600m
[    4.663439] tegradc tegradc.0: hdmi: get RGB quant from EDID.
[    4.663445] tegradc tegradc.0: hdmi: get YCC quant from EDID.
[    4.666660] extcon-disp-state extcon:disp-state: cable 47 state 1
[    4.666661] Extcon AUX1(HDMI) enable
[    4.666953] tegradc tegradc.0: sync windows ret = 250
[    5.076052] tegradc tegradc.1: blank - powerdown
[    5.083296] extcon-disp-state extcon:disp-state: cable 44 state 0 already set.
[    5.083297] Extcon DP: HPD disabled
[    5.083299] hpd: hpd_switch 0
[    5.083301] hpd: switching from state 0 (Reset) to state 1 (Check Plug)
[    5.083314] hpd: state 1 (Check Plug), hpd 0, pending_hpd_evt 0
[    5.083320] hpd: switching from state 1 (Check Plug) to state 3 (Disabled)
[    5.132192] extcon-disp-state extcon:disp-state: cable 40 state 1
[    5.132193] Extcon HDMI: HPD enabled
[    5.132209] tegradc tegradc.0: hdmi: plugged
[    5.170242] EXT4-fs (mmcblk0p1): mounted filesystem with ordered data mode. Opts: (null)
[    5.181084] VFS: Mounted root (ext4 filesystem) on device 179:1.
[    5.192547] devtmpfs: mounted
[    5.201318] Freeing unused kernel memory: 8512K
[    5.500585] ip_tables: (C) 2000-2006 Netfilter Core Team
[    5.521159] cgroup: cgroup2: unknown option "nsdelegate"
[    5.548172] systemd[1]: systemd 237 running in system mode. (+PAM +AUDIT +SELINUX +IMA +APPARMOR +SMACK +SYSVINIT +UTMP +LIBCRYPTSETUP +GCRYPT +GNUTLS +ACL +XZ +LZ4 +SECCOMP +BLKID +ELFUTILS +KMOD -IDN2 +IDN -PCRE2 default-hierarchy=hybrid)
[    5.573253] systemd[1]: Detected architecture arm64.
[    5.612885] systemd[1]: Set hostname to <jetbot>.
[    5.752363] systemd[1]: File /lib/systemd/system/systemd-journald.service:36 configures an IP firewall (IPAddressDeny=any), but the local system does not support BPF/cgroup based firewalling.
[    5.772444] systemd[1]: Proceeding WITHOUT firewalling in effect! (This warning is only shown for the first loaded unit using IP firewalling.)
[    6.002975] random: systemd: uninitialized urandom read (16 bytes read)
[    6.012660] systemd[1]: Reached target User and Group Name Lookups.
[    6.025575] random: systemd: uninitialized urandom read (16 bytes read)
[    6.035248] systemd[1]: Reached target System Time Synchronized.
[    6.047546] random: systemd: uninitialized urandom read (16 bytes read)
[    6.058819] systemd[1]: Created slice System Slice.
[    6.070414] systemd[1]: Listening on Journal Audit Socket.
[    6.082292] systemd[1]: Listening on udev Control Socket.
[    6.213627] EXT4-fs (mmcblk0p1): re-mounted. Opts: (null)
[    6.372351] nvgpu: 57000000.gpu           gm20b_init_clk_setup_sw:1268 [INFO]  GPCPLL initial settings: NA mode, M=1, N=34, P=3 (id = 1)
[    6.375294] systemd-journald[1888]: Received request to flush runtime journal from PID 1
[    6.669987] Adding 4194300k swap on /var/swapfile.  Priority:-1 extents:15 across:6569980k SS
[    7.508869] using random self ethernet address
[    7.517715] using random host ethernet address
[    7.633133] random: crng init done
[    7.638919] random: 7 urandom warning(s) missed due to ratelimiting
[    7.985177] Mass Storage Function, version: 2009/09/11
[    7.985184] LUN: removable file: (no medium)
[    8.013061] using random self ethernet address
[    8.020905] using random host ethernet address
[    8.042998] rndis0: HOST MAC 72:b5:f7:73:b7:5c
[    8.043275] rndis0: MAC 72:b5:f7:73:b7:5d
[    8.044145] usb0: HOST MAC 72:b5:f7:73:b7:5e
[    8.044495] usb0: MAC 72:b5:f7:73:b7:5f
[    8.044519] tegra-xudc-new 700d0000.xudc: exiting ELPG
[    8.045260] tegra-xudc-new 700d0000.xudc: exiting ELPG done
[    8.045276] tegra-xudc-new 700d0000.xudc: ep 0 (type: 0, dir: out) enabled
[    8.045305] tegra-xudc-new 700d0000.xudc: entering ELPG
[    8.045542] tegra-xudc-new 700d0000.xudc: entering ELPG done
[    8.045577] tegra-xudc-new 700d0000.xudc: exiting ELPG
[    8.047149] tegra-xudc-new 700d0000.xudc: exiting ELPG done
[    8.047172] tegra-xudc-new 700d0000.xudc: entering ELPG
[    8.047420] tegra-xudc-new 700d0000.xudc: entering ELPG done
[    8.142649] tegra-xusb 70090000.xusb: cannot find firmware....retry after 1 second
[    8.352510] nvs_dsm nvs_dsm: dsm_probe
[    8.352533] nvs_dsm nvs_dsm: dsm_remove
[    8.352536] nvs_dsm nvs_dsm: dsm_probe done
[    8.545078] l4tbr0: port 1(rndis0) entered blocking state
[    8.545083] l4tbr0: port 1(rndis0) entered disabled state
[    8.545410] device rndis0 entered promiscuous mode
[    8.568456] IPv6: ADDRCONF(NETDEV_UP): rndis0: link is not ready
[    8.573034] l4tbr0: port 2(usb0) entered blocking state
[    8.573039] l4tbr0: port 2(usb0) entered disabled state
[    8.573214] device usb0 entered promiscuous mode
[    8.579825] IPv6: ADDRCONF(NETDEV_UP): usb0: link is not ready
[    8.579832] l4tbr0: port 2(usb0) entered blocking state
[    8.579835] l4tbr0: port 2(usb0) entered forwarding state
[    9.046900] l4tbr0: port 2(usb0) entered disabled state
[    9.354908] tegra-xusb 70090000.xusb: Firmware timestamp: 2017-11-03 13:36:19 UTC, Version: 50.20 release
[    9.354952] tegra-xusb 70090000.xusb: xHCI Host Controller
[    9.354970] tegra-xusb 70090000.xusb: new USB bus registered, assigned bus number 1
[    9.355831] tegra-xusb 70090000.xusb: hcc params 0x0184f525 hci version 0x100 quirks 0x00050010
[    9.355864] tegra-xusb 70090000.xusb: irq 61, io mem 0x70090000
[    9.355998] usb usb1: New USB device found, idVendor=1d6b, idProduct=0002
[    9.356002] usb usb1: New USB device strings: Mfr=3, Product=2, SerialNumber=1
[    9.356005] usb usb1: Product: xHCI Host Controller
[    9.356007] usb usb1: Manufacturer: Linux 4.9.140-tegra xhci-hcd
[    9.356009] usb usb1: SerialNumber: 70090000.xusb
[    9.356429] hub 1-0:1.0: USB hub found
[    9.356500] hub 1-0:1.0: 5 ports detected
[    9.356901] tegra-xusb 70090000.xusb: xHCI Host Controller
[    9.356911] tegra-xusb 70090000.xusb: new USB bus registered, assigned bus number 2
[    9.356980] usb usb2: We don't know the algorithms for LPM for this host, disabling LPM.
[    9.357057] usb usb2: New USB device found, idVendor=1d6b, idProduct=0003
[    9.357062] usb usb2: New USB device strings: Mfr=3, Product=2, SerialNumber=1
[    9.357066] usb usb2: Product: xHCI Host Controller
[    9.357069] usb usb2: Manufacturer: Linux 4.9.140-tegra xhci-hcd
[    9.357071] usb usb2: SerialNumber: 70090000.xusb
[    9.357431] hub 2-0:1.0: USB hub found
[    9.357458] hub 2-0:1.0: 4 ports detected
[    9.458932] tegra-xusb-padctl 7009f000.xusb_padctl: power on UTMI pads 1
[    9.459043] tegra-xusb-padctl 7009f000.xusb_padctl: power on UTMI pads 2
[    9.459323] usb usb2: usb_suspend_both: status 0
[    9.682853] usb 1-2: new high-speed USB device number 2 using tegra-xusb
[    9.726748] usb 1-2: New USB device found, idVendor=0bda, idProduct=5411
[    9.726755] usb 1-2: New USB device strings: Mfr=1, Product=2, SerialNumber=0
[    9.726759] usb 1-2: Product: 4-Port USB 2.1 Hub
[    9.726762] usb 1-2: Manufacturer: Generic
[    9.728212] hub 1-2:1.0: USB hub found
[    9.729342] hub 1-2:1.0: 4 ports detected
[    9.827900] usb 2-1: new SuperSpeed USB device number 2 using tegra-xusb
[    9.862315] usb 2-1: New USB device found, idVendor=0bda, idProduct=0411
[    9.862322] usb 2-1: New USB device strings: Mfr=1, Product=2, SerialNumber=0
[    9.862326] usb 2-1: Product: 4-Port USB 3.1 Hub
[    9.862329] usb 2-1: Manufacturer: Generic
[    9.868168] hub 2-1:1.0: USB hub found
[    9.869672] hub 2-1:1.0: 4 ports detected
[    9.978854] usb 1-3: new full-speed USB device number 3 using tegra-xusb
[   10.001544] usb 1-3: New USB device found, idVendor=8087, idProduct=0025
[   10.001550] usb 1-3: New USB device strings: Mfr=0, Product=0, SerialNumber=0
[   10.026842] usb 2-1: usb_suspend_both: status 0
[   10.027028] usb usb2: usb_suspend_both: status 0
[   10.075059] IRQ11 no longer affine to CPU2
[   10.079422] usb 1-2.3: new low-speed USB device number 4 using tegra-xusb
[   10.079767] CPU2: shutdown
[   10.093019] psci: CPU2 killed.
[   10.110031] usb 1-2.3: New USB device found, idVendor=413c, idProduct=2107
[   10.110037] usb 1-2.3: New USB device strings: Mfr=1, Product=2, SerialNumber=0
[   10.110041] usb 1-2.3: Product: Dell USB Entry Keyboard 
[   10.110045] usb 1-2.3: Manufacturer: Dell
[   10.116880] input: Dell Dell USB Entry Keyboard  as /devices/70090000.xusb/usb1/1-2/1-2.3/1-2.3:1.0/0003:413C:2107.0001/input/input2
[   10.151320] IRQ12 no longer affine to CPU3
[   10.155715] CPU3: shutdown
[   10.168434] psci: CPU3 killed.
[   10.175825] hid-generic 0003:413C:2107.0001: input,hidraw0: USB HID v1.10 Keyboard [Dell Dell USB Entry Keyboard ] on usb-70090000.xusb-2.3/input0
[   10.254964] usb 1-2.4: new low-speed USB device number 5 using tegra-xusb
[   10.280679] usb 1-2.4: New USB device found, idVendor=1bcf, idProduct=0007
[   10.280689] usb 1-2.4: New USB device strings: Mfr=0, Product=2, SerialNumber=0
[   10.280695] usb 1-2.4: Product: USB Optical Mouse
[   10.289046] input: USB Optical Mouse as /devices/70090000.xusb/usb1/1-2/1-2.4/1-2.4:1.0/0003:1BCF:0007.0002/input/input3
[   10.289652] hid-generic 0003:1BCF:0007.0002: input,hidraw1: USB HID v1.10 Mouse [USB Optical Mouse] on usb-70090000.xusb-2.4/input0
[   12.256992] tegradc tegradc.0: blank - powerdown
[   12.317317] extcon-disp-state extcon:disp-state: cable 47 state 0
[   12.317319] Extcon AUX1(HDMI) disable
[   12.339054] tegradc tegradc.0: unblank
[   12.366910] tegradc tegradc.0: nominal-pclk:319750000 parent:319750000 div:1.0 pclk:319750000 316552500~348527500
[   12.367085] tegradc tegradc.0: hdmi: tmds rate:319750K prod-setting:prod_c_hdmi_300m_600m
[   12.370952] tegradc tegradc.0: hdmi: get RGB quant from EDID.
[   12.370962] tegradc tegradc.0: hdmi: get YCC quant from EDID.
[   12.374303] extcon-disp-state extcon:disp-state: cable 47 state 1
[   12.374305] Extcon AUX1(HDMI) enable
[   12.401561] tegradc tegradc.0: unblank
[   12.402911] tegradc tegradc.1: blank - powerdown
[   12.636904] usbcore: registered new interface driver btusb
[   21.078532] Bluetooth: BNEP (Ethernet Emulation) ver 1.3
[   21.078546] Bluetooth: BNEP socket layer initialized
[   21.123047] fuse init (API version 7.26)
[   24.559298] tegradc tegradc.0: unblank
[   24.559311] tegradc tegradc.1: blank - powerdown
[   46.461787] tegra-i2c 7000c400.i2c: no acknowledge from address 0x3c
[   66.380495] tegra-i2c 7000c400.i2c: no acknowledge from address 0x3c
[   85.545741] tegra-i2c 7000c400.i2c: no acknowledge from address 0x3c
[  106.659809] tegra-i2c 7000c400.i2c: no acknowledge from address 0x3c
[  130.682866] tegra-i2c 7000c400.i2c: no acknowledge from address 0x3c
[  153.851333] tegra-i2c 7000c400.i2c: no acknowledge from address 0x3c
[  172.328483] tegra-i2c 7000c400.i2c: no acknowledge from address 0x3c
[  191.463307] tegra-i2c 7000c400.i2c: no acknowledge from address 0x3c
[  203.126858] usb 1-2.2: new high-speed USB device number 6 using tegra-xusb
[  203.148886] usb 1-2.2: New USB device found, idVendor=0bda, idProduct=8176
[  203.148894] usb 1-2.2: New USB device strings: Mfr=1, Product=2, SerialNumber=3
[  203.148899] usb 1-2.2: Product: 802.11n WLAN Adapter
[  203.148903] usb 1-2.2: Manufacturer: Realtek
[  203.148907] usb 1-2.2: SerialNumber: 00e04c000001
[  203.588112] rtl8192cu: Chip version 0x10
[  203.670485] rtl8192cu: Board Type 0
[  203.670650] rtl_usb: rx_max_size 15360, rx_urb_num 8, in_ep 1
[  203.671550] rtl8192cu: Loading firmware rtlwifi/rtl8192cufw_TMSC.bin
[  203.684328] ieee80211 phy0: Selected rate control algorithm 'rtl_rc'
[  203.727279] usbcore: registered new interface driver rtl8192cu
[  203.748270] usbcore: registered new interface driver rtl8xxxu
[  210.414948] tegra-i2c 7000c400.i2c: no acknowledge from address 0x3c
[  226.163674] rtl8192cu: MAC auto ON okay!
[  226.190260] rtl8192cu: Tx queue select: 0x05
[  226.740986] IPv6: ADDRCONF(NETDEV_UP): wlan0: link is not ready
[  228.492028] rtl8192cu: MAC auto ON okay!
[  228.535771] rtl8192cu: Tx queue select: 0x05
[  229.060140] IPv6: ADDRCONF(NETDEV_UP): wlan0: link is not ready
[  229.485808] tegra-i2c 7000c400.i2c: no acknowledge from address 0x3c
[  229.934510] rtl8192cu: MAC auto ON okay!
[  229.969104] rtl8192cu: Tx queue select: 0x05
[  230.540083] IPv6: ADDRCONF(NETDEV_UP): wlan0: link is not ready
[  233.928910] wlan0: authenticate with 20:76:93:3c:cf:28
[  233.962945] wlan0: send auth to 20:76:93:3c:cf:28 (try 1/3)
[  233.964229] wlan0: authenticated
[  233.966879] wlan0: associate with 20:76:93:3c:cf:28 (try 1/3)
[  233.997223] wlan0: RX AssocResp from 20:76:93:3c:cf:28 (capab=0xc31 status=0 aid=1)
[  234.005009] wlan0: associated
[  234.101751] IPv6: ADDRCONF(NETDEV_CHANGE): wlan0: link becomes ready
[  248.891424] tegra-i2c 7000c400.i2c: no acknowledge from address 0x3c
[  269.518515] tegra-i2c 7000c400.i2c: no acknowledge from address 0x3c
[  289.782398] tegra-i2c 7000c400.i2c: no acknowledge from address 0x3c
[  310.173103] tegra-i2c 7000c400.i2c: no acknowledge from address 0x3c
[  328.994288] tegra-i2c 7000c400.i2c: no acknowledge from address 0x3c
[  348.060028] tegra-i2c 7000c400.i2c: no acknowledge from address 0x3c
[  366.961370] tegra-i2c 7000c400.i2c: no acknowledge from address 0x3c
[  386.237856] tegra-i2c 7000c400.i2c: no acknowledge from address 0x3c
[  405.493738] tegra-i2c 7000c400.i2c: no acknowledge from address 0x3c
[  424.108208] tegra-i2c 7000c400.i2c: no acknowledge from address 0x3c
[  444.674198] tegra-i2c 7000c400.i2c: no acknowledge from address 0x3c
[  466.299664] tegra-i2c 7000c400.i2c: no acknowledge from address 0x3c
[  490.377560] tegra-i2c 7000c400.i2c: no acknowledge from address 0x3c
[  510.045414] tegra-i2c 7000c400.i2c: no acknowledge from address 0x3c
[  528.536902] tegra-i2c 7000c400.i2c: no acknowledge from address 0x3c
[  547.673071] tegra-i2c 7000c400.i2c: no acknowledge from address 0x3c
[  566.805880] tegra-i2c 7000c400.i2c: no acknowledge from address 0x3c
[  586.525990] tegra-i2c 7000c400.i2c: no acknowledge from address 0x3c
[  606.371456] tegra-i2c 7000c400.i2c: no acknowledge from address 0x3c
[  630.519223] tegra-i2c 7000c400.i2c: no acknowledge from address 0x3c
[  654.256420] tegra-i2c 7000c400.i2c: no acknowledge from address 0x3c
[  675.349101] tegra-i2c 7000c400.i2c: no acknowledge from address 0x3c
[  697.017099] tegra-i2c 7000c400.i2c: no acknowledge from address 0x3c
[  717.456388] tegra-i2c 7000c400.i2c: no acknowledge from address 0x3c
[  737.369665] tegra-i2c 7000c400.i2c: no acknowledge from address 0x3c
[  756.546471] tegra-i2c 7000c400.i2c: no acknowledge from address 0x3c
[  777.739680] tegra-i2c 7000c400.i2c: no acknowledge from address 0x3c
[  797.089302] tegra-i2c 7000c400.i2c: no acknowledge from address 0x3c
[  815.449902] tegra-i2c 7000c400.i2c: no acknowledge from address 0x3c
[  834.376090] tegra-i2c 7000c400.i2c: no acknowledge from address 0x3c
[  855.604439] tegra-i2c 7000c400.i2c: no acknowledge from address 0x3c
[  875.175397] tegra-i2c 7000c400.i2c: no acknowledge from address 0x3c
[  893.624108] tegra-i2c 7000c400.i2c: no acknowledge from address 0x3c
[  912.875805] tegra-i2c 7000c400.i2c: no acknowledge from address 0x3c
[  931.755830] tegra-i2c 7000c400.i2c: no acknowledge from address 0x3c
[  950.256085] tegra-i2c 7000c400.i2c: no acknowledge from address 0x3c
[  969.311909] tegra-i2c 7000c400.i2c: no acknowledge from address 0x3c
[  987.866318] tegra-i2c 7000c400.i2c: no acknowledge from address 0x3c
[ 1006.596966] tegra-i2c 7000c400.i2c: no acknowledge from address 0x3c
[ 1025.290114] tegra-i2c 7000c400.i2c: no acknowledge from address 0x3c
[ 1044.164163] tegra-i2c 7000c400.i2c: no acknowledge from address 0x3c
[ 1062.782389] tegra-i2c 7000c400.i2c: no acknowledge from address 0x3c
[ 1082.456124] tegra-i2c 7000c400.i2c: no acknowledge from address 0x3c
[ 1101.306718] tegra-i2c 7000c400.i2c: no acknowledge from address 0x3c
[ 1120.271242] tegra-i2c 7000c400.i2c: no acknowledge from address 0x3c
[ 1141.795500] tegra-i2c 7000c400.i2c: no acknowledge from address 0x3c
[ 1152.306388] wlan0: deauthenticating from 20:76:93:3c:cf:28 by local choice (Reason: 3=DEAUTH_LEAVING)
[ 1152.363993] rtl8192cu: MAC auto ON okay!
[ 1152.404620] rtl8192cu: Tx queue select: 0x05
[ 1152.908961] IPv6: ADDRCONF(NETDEV_UP): wlan0: link is not ready
[ 1164.509598] tegra-i2c 7000c400.i2c: no acknowledge from address 0x3c
[ 1179.611845] rtl8192cu: MAC auto ON okay!
[ 1179.646104] rtl8192cu: Tx queue select: 0x05
[ 1180.085894] IPv6: ADDRCONF(NETDEV_UP): wlan0: link is not ready
[ 1180.138229] rtl8192cu: MAC auto ON okay!
[ 1180.167127] rtl8192cu: Tx queue select: 0x05
[ 1180.674315] IPv6: ADDRCONF(NETDEV_UP): wlan0: link is not ready
[ 1181.778321] rtl8192cu: MAC auto ON okay!
[ 1181.829531] rtl8192cu: Tx queue select: 0x05
[ 1182.358292] IPv6: ADDRCONF(NETDEV_UP): wlan0: link is not ready
[ 1184.677486] wlan0: authenticate with 20:76:93:3c:cf:28
[ 1184.690552] wlan0: send auth to 20:76:93:3c:cf:28 (try 1/3)
[ 1184.718127] wlan0: authenticated
[ 1184.719112] wlan0: associate with 20:76:93:3c:cf:28 (try 1/3)
[ 1184.788149] wlan0: RX AssocResp from 20:76:93:3c:cf:28 (capab=0xc31 status=0 aid=1)
[ 1184.791343] wlan0: associated
[ 1184.897513] IPv6: ADDRCONF(NETDEV_CHANGE): wlan0: link becomes ready
[ 1186.758538] tegra-i2c 7000c400.i2c: no acknowledge from address 0x3c
[ 1207.828435] tegra-i2c 7000c400.i2c: no acknowledge from address 0x3c
[ 1230.628115] tegra-i2c 7000c400.i2c: no acknowledge from address 0x3c
[ 1252.129155] tegra-i2c 7000c400.i2c: no acknowledge from address 0x3c
[ 1273.247850] tegra-i2c 7000c400.i2c: no acknowledge from address 0x3c
[ 1294.345909] tegra-i2c 7000c400.i2c: no acknowledge from address 0x3c
[ 1316.939834] tegra-i2c 7000c400.i2c: no acknowledge from address 0x3c
[ 1337.496955] tegra-i2c 7000c400.i2c: no acknowledge from address 0x3c
[ 1358.051729] tegra-i2c 7000c400.i2c: no acknowledge from address 0x3c
[ 1378.213774] tegra-i2c 7000c400.i2c: no acknowledge from address 0x3c
[ 1405.056808] tegra-i2c 7000c400.i2c: no acknowledge from address 0x3c
[ 1431.516830] tegra-i2c 7000c400.i2c: no acknowledge from address 0x3c
[ 1458.342983] tegra-i2c 7000c400.i2c: no acknowledge from address 0x3c
[ 1483.882671] tegra-i2c 7000c400.i2c: no acknowledge from address 0x3c
[ 1509.002899] tegra-i2c 7000c400.i2c: no acknowledge from address 0x3c
[ 1531.199060] tegra-i2c 7000c400.i2c: no acknowledge from address 0x3c
[ 1552.894133] tegra-i2c 7000c400.i2c: no acknowledge from address 0x3c
[ 1574.980476] tegra-i2c 7000c400.i2c: no acknowledge from address 0x3c
[ 1598.142860] tegra-i2c 7000c400.i2c: no acknowledge from address 0x3c
[ 1621.441174] tegra-i2c 7000c400.i2c: no acknowledge from address 0x3c
[ 1643.799501] tegra-i2c 7000c400.i2c: no acknowledge from address 0x3c
[ 1666.965518] tegra-i2c 7000c400.i2c: no acknowledge from address 0x3c
[ 1689.127374] tegra-i2c 7000c400.i2c: no acknowledge from address 0x3c
[ 1711.253129] tegra-i2c 7000c400.i2c: no acknowledge from address 0x3c
jetbot@jetbot:~$ dmesg
[    0.000000] Booting Linux on physical CPU 0x0
[    0.000000] Linux version 4.9.140-tegra (buildbrain@mobile-u64-3531) (gcc version 7.3.1 20180425 [linaro-7.3-2018.05 revision d29120a424ecfbc167ef90065c0eeb7f91977701] (Linaro GCC 7.3-2018.05) ) #1 SMP PREEMPT Wed Mar 13 00:32:22 PDT 2019
[    0.000000] Boot CPU: AArch64 Processor [411fd071]
[    0.000000] OF: fdt:memory scan node memory@80000000, reg size 48,
[    0.000000] OF: fdt: - 80000000 ,  7ee00000
[    0.000000] OF: fdt: - 100000000 ,  7f200000
[    0.000000] Found tegra_fbmem: 00800000@92cb6000
[    0.000000] OF: fdt:Reserved memory: failed to reserve memory for node 'fb0_carveout': base 0x0000000000000000, size 0 MiB
[    0.000000] OF: fdt:Reserved memory: failed to reserve memory for node 'fb0_carveout': base 0x0000000000000000, size 0 MiB
[    0.000000] OF: fdt:Reserved memory: failed to reserve memory for node 'fb1_carveout': base 0x0000000000000000, size 0 MiB
[    0.000000] OF: fdt:Reserved memory: failed to reserve memory for node 'fb1_carveout': base 0x0000000000000000, size 0 MiB
[    0.000000] OF: reserved mem: initialized node vpr-carveout, compatible id nvidia,vpr-carveout
[    0.000000] OF: reserved mem: initialized node iram-carveout, compatible id nvidia,iram-carveout
[    0.000000] OF: reserved mem: initialized node ramoops_carveout, compatible id nvidia,ramoops
[    0.000000] cma: Reserved 64 MiB at 0x00000000fac00000
[    0.000000] On node 0 totalpages: 1039872
[    0.000000]   DMA zone: 8192 pages used for memmap
[    0.000000]   DMA zone: 0 pages reserved
[    0.000000]   DMA zone: 519168 pages, LIFO batch:31
[    0.000000]   Normal zone: 8136 pages used for memmap
[    0.000000]   Normal zone: 520704 pages, LIFO batch:31
[    0.000000] psci: probing for conduit method from DT.
[    0.000000] psci: PSCIv1.0 detected in firmware.
[    0.000000] psci: Using standard PSCI v0.2 function IDs
[    0.000000] psci: MIGRATE_INFO_TYPE not supported.
[    0.000000] psci: SMC Calling Convention v1.1
[    0.000000] percpu: Embedded 23 pages/cpu @ffffffc0fefd2000 s53400 r8192 d32616 u94208
[    0.000000] pcpu-alloc: s53400 r8192 d32616 u94208 alloc=23*4096
[    0.000000] pcpu-alloc: [0] 0 [0] 1 [0] 2 [0] 3 
[    0.000000] CPU features: enabling workaround for ARM erratum 832075
[    0.000000] Speculative Store Bypass Disable mitigation not required
[    0.000000] Built 1 zonelists in Zone order, mobility grouping on.  Total pages: 1023544
[    0.000000] Kernel command line: tegraid=21.1.2.0.0 ddr_die=4096M@2048M section=512M memtype=0 vpr_resize usb_port_owner_info=0 lane_owner_info=0 emc_max_dvfs=0 touch_id=0@63 video=tegrafb no_console_suspend=1 console=ttyS0,115200n8 debug_uartport=lsport,0 earlyprintk=uart8250-32bit,0x70006000 maxcpus=4 usbcore.old_scheme_first=1 lp0_vec=0x1000@0xff780000 core_edp_mv=1075 core_edp_ma=4000 tegra_fbmem=0x800000@0x92cb6000 is_hdmi_initialised=1  root=/dev/mmcblk0p1 rw rootwait console=ttyS0,115200n8 console=tty0 fbcon=map:0 net.ifnames=0    root=/dev/mmcblk0p1 rw rootwait console=ttyS0,115200n8 console=tty0 fbcon=map:0 net.ifnames=0 rootfstype=ext4 root=/dev/mmcblk0p1 rw rootwait
[    0.000000] log_buf_len individual max cpu contribution: 32768 bytes
[    0.000000] log_buf_len total cpu_extra contributions: 98304 bytes
[    0.000000] log_buf_len min size: 32768 bytes
[    0.000000] log_buf_len: 131072 bytes
[    0.000000] early log buf free: 29384(89%)
[    0.000000] PID hash table entries: 4096 (order: 3, 32768 bytes)
[    0.000000] Dentry cache hash table entries: 524288 (order: 10, 4194304 bytes)
[    0.000000] Inode-cache hash table entries: 262144 (order: 9, 2097152 bytes)
[    0.000000] Memory: 3567872K/4159488K available (15166K kernel code, 2914K rwdata, 6616K rodata, 8512K init, 605K bss, 116480K reserved, 475136K cma-reserved)
[    0.000000] Virtual kernel memory layout:
[    0.000000]     modules : 0xffffff8000000000 - 0xffffff8008000000   (   128 MB)
[    0.000000]     vmalloc : 0xffffff8008000000 - 0xffffffbebfff0000   (   250 GB)
[    0.000000]       .text : 0xffffff8008080000 - 0xffffff8008f50000   ( 15168 KB)
[    0.000000]     .rodata : 0xffffff8008f50000 - 0xffffff80095d0000   (  6656 KB)
[    0.000000]       .init : 0xffffff80095d0000 - 0xffffff8009e20000   (  8512 KB)
[    0.000000]       .data : 0xffffff8009e20000 - 0xffffff800a0f8808   (  2915 KB)
[    0.000000]        .bss : 0xffffff800a0f8808 - 0xffffff800a18fe3c   (   606 KB)
[    0.000000]     fixed   : 0xffffffbefe7fd000 - 0xffffffbefec00000   (  4108 KB)
[    0.000000]     PCI I/O : 0xffffffbefee00000 - 0xffffffbeffe00000   (    16 MB)
[    0.000000]     vmemmap : 0xffffffbf00000000 - 0xffffffc000000000   (     4 GB maximum)
[    0.000000]               0xffffffbf00000000 - 0xffffffbf03fc8000   (    63 MB actual)
[    0.000000]     memory  : 0xffffffc000000000 - 0xffffffc0ff200000   (  4082 MB)
[    0.000000] SLUB: HWalign=64, Order=0-3, MinObjects=0, CPUs=4, Nodes=1
[    0.000000] Preemptible hierarchical RCU implementation.
[    0.000000] 	Build-time adjustment of leaf fanout to 64.
[    0.000000] 	RCU restricting CPUs from NR_CPUS=64 to nr_cpu_ids=4.
[    0.000000] RCU: Adjusting geometry for rcu_fanout_leaf=64, nr_cpu_ids=4
[    0.000000] NR_IRQS:64 nr_irqs:64 0
[    0.000000] /interrupt-controller@60004000: 192 interrupts forwarded to /interrupt-controller
[    0.000000] t210 clock and reset probe
[    0.000000] boot misc1 0x90000000: expected 0x10000000
[    0.000000]  (comparison mask = 0xf8000000)
[    0.000000] boot misc2 0x0: expected 0xf6e0f620
[    0.000000]  (comparison mask = 0xffffffff)
[    0.000000] boot misc3 0xf5c1: expected 0x10000
[    0.000000]  (comparison mask = 0xffffffff)
[    0.000000] PLL_D2 already enabled. Postponing set full defaults
[    0.000000] tegra-pmc: get_secure_pmc_setting: done secure_pmc=1
[    0.000000] clk_cbus_recalc_rate: no gbus parent
[    0.000000] clk_cbus_recalc_rate: no gbus parent
[    0.000000] clk_cbus_recalc_rate: no gbus parent
[    0.000000] clk_cbus_recalc_rate: no gbus parent
[    0.000000] clk_cbus_recalc_rate: no gbus parent
[    0.000000] arm_arch_timer: Architected cp15 timer(s) running at 19.20MHz (phys).
[    0.000000] clocksource: arch_sys_counter: mask: 0xffffffffffffff max_cycles: 0x46d987e47, max_idle_ns: 440795202767 ns
[    0.000007] sched_clock: 56 bits at 19MHz, resolution 52ns, wraps every 4398046511078ns
[    0.001519] Console: colour dummy device 80x25
[    0.002460] console [tty0] enabled
[    0.002485] kmemleak: Kernel memory leak detector disabled
[    0.002513] Calibrating delay loop (skipped), value calculated using timer frequency.. 38.40 BogoMIPS (lpj=76800)
[    0.002542] pid_max: default: 32768 minimum: 301
[    0.003010] Security Framework initialized
[    0.003246] Mount-cache hash table entries: 8192 (order: 4, 65536 bytes)
[    0.003266] Mountpoint-cache hash table entries: 8192 (order: 4, 65536 bytes)
[    0.004534] ftrace: allocating 46802 entries in 183 pages
[    0.177577] sched-energy: CPU device node has no sched-energy-costs
[    0.177608] ASID allocator initialised with 65536 entries
[    0.215689] tegra-id: chipid=22117.
[    0.215733] tegra-id: opt_subrevision=0.
[    0.215761] Tegra Speedo/IDDQ fuse revision 4
[    0.215776] Tegra: CPU Speedo ID 9, SoC Speedo ID 0, GPU Speedo ID 2
[    0.215791] Tegra: CPU Process ID 0, SoC Process ID 1, GPU Process ID 0
[    0.215807] Tegra: CPU Speedo Value 2081, SoC Speedo Value 1982, GPU Speedo Value 2093
[    0.215828] Tegra: CPU IDDQ Value 2076, SoC IDDQ Value 2436, GPU IDDQ Value 2925
[    0.215862] Tegra Revision: A02 SKU: 0x8f CPU Process: 0 SoC Process: 1
[    0.215888] DTS File Name: /dvs/git/dirty/git-master_linux/kernel/kernel-4.9/arch/arm64/boot/dts/../../../../../../hardware/nvidia/platform/t210/porg/kernel-dts/tegra210-p3448-0000-p3449-0000-a02.dts
[    0.215922] DTB Build time: Mar 15 2019 09:52:07
[    0.265093] CPU1: Booted secondary processor [411fd071]
[    0.297005] CPU2: Booted secondary processor [411fd071]
[    0.328996] CPU3: Booted secondary processor [411fd071]
[    0.329095] Brought up 4 CPUs
[    0.329157] SMP: Total of 4 processors activated.
[    0.329174] CPU features: detected feature: 32-bit EL0 Support
[    0.329454] CPU: All CPU(s) started at EL2
[    0.329484] alternatives: patching kernel code
[    0.337775] devtmpfs: initialized
[    0.372667] Initilizing CustomIPI irq domain
[    0.373085] clocksource: jiffies: mask: 0xffffffff max_cycles: 0xffffffff, max_idle_ns: 7645041785100000 ns
[    0.373164] futex hash table entries: 1024 (order: 4, 65536 bytes)
[    0.384593] pinctrl core: initialized pinctrl subsystem
[    0.385307] OS set in device tree is not L4T.
[    0.385763] regulator-dummy: no parameters
[    0.386055] Initializing plugin-manager
[    0.386218] Plugin module not found
[    0.386438] node /plugin-manager/fragement@0 match with board >=3448-0000-100
[    0.386989] node /plugin-manager/fragment@1 match with board >=3448-0000-101
[    0.387768] node /plugin-manager/fragment@5 match with board 3449-0000-200
[    0.391122] NET: Registered protocol family 16
[    0.402620] pstore: using zlib compression
[    0.403331] console [pstore-1] enabled
[    0.403350] pstore: Registered ramoops as persistent store backend
[    0.403368] ramoops: attached 0x200000@0xb0000000, ecc: 0/0
[    0.413104] cpuidle: using governor menu
[    0.417287] tegra_smmu 70019000.iommu: Loaded Tegra IOMMU driver
[    0.418871] vdso: 2 pages (1 code @ ffffff8008f57000, 1 data @ ffffff8009e24000)
[    0.418919] hw-breakpoint: found 6 breakpoint and 4 watchpoint registers.
[    0.421686] atomic_pool_init():622: DMA: preallocated 1024 KiB pool for atomic allocations
[    0.423222] tegra_bpmp_of_clk_init: EMC proxy not found.
[    0.424210] tegra_powergate_init: DONE
[    0.424253] DTS File Name: /dvs/git/dirty/git-master_linux/kernel/kernel-4.9/arch/arm64/boot/dts/../../../../../../hardware/nvidia/platform/t210/porg/kernel-dts/tegra210-p3448-0000-p3449-0000-a02.dts
[    0.424291] DTB Build time: Mar 15 2019 09:52:07
[    0.426008] Tegra reboot handler registered.
[    0.430422] iommu: Adding device tegra-carveouts to group 0
[    0.430596] platform tegra-carveouts: domain=ffffffc0f9420318 allocates as[0]=ffffffc0f9b940a8
[    0.430988] iommu: Adding device smmu_test to group 1
[    0.431056] platform smmu_test: domain=ffffffc0f9420558 allocates as[0]=ffffffc0f9b94110
[    0.431893] mc: mapped MMIO address: 0xffffff800802e000 -> 0x70019000
[    0.431969] mc: mapped MMIO address: 0xffffff8008065000 -> 0x7001c000
[    0.432042] mc: mapped MMIO address: 0xffffff8008079000 -> 0x7001d000
[    0.432064] nv-tegra-mc 70019000.mc: No mssnvlink node
[    0.432098] mc-err: mcerr ops are set to t21x
[    0.441735] iommu: Adding device 70090000.xusb to group 2
[    0.442078] iommu: Adding device 70006000.serial to group 3
[    0.442159] platform 70006000.serial: domain=ffffffc0f9431c18 allocates as[0]=ffffffc0f9b94178
[    0.442600] iommu: Adding device 70006040.serial to group 4
[    0.442875] iommu: Adding device 70006200.serial to group 5
[    0.443080] iommu: Adding device sound to group 6
[    0.443145] platform sound: domain=ffffffc0f94a5198 allocates as[0]=ffffffc0f9b941e0
[    0.443726] iommu: Adding device 7000d400.spi to group 7
[    0.444020] iommu: Adding device 7000d600.spi to group 8
[    0.444341] iommu: Adding device 70410000.spi to group 9
[    0.444689] iommu: Adding device 50000000.host1x to group 10
[    0.444982] iommu: Adding device 54080000.vi to group 11
[    0.445433] iommu: Adding device 54600000.isp to group 12
[    0.445713] iommu: Adding device 54680000.isp to group 13
[    0.446006] iommu: Adding device tegradc.0 to group 14
[    0.446071] platform tegradc.0: domain=ffffffc0f94b30d8 allocates as[0]=ffffffc0f9b94248
[    0.450298] platform tegradc.0: IOVA linear map 0x0000000092cb6000(800000)
[    0.450713] platform tegradc.0: IOVA linear map 0x00000000d7000000(19000000)
[    0.451067] iommu: Adding device tegradc.1 to group 15
[    0.451136] platform tegradc.1: domain=ffffffc0f94b3318 allocates as[0]=ffffffc0f9b942b0
[    0.455324] platform tegradc.1: IOVA linear map 0x0000000092cb6000(800000)
[    0.455735] platform tegradc.1: IOVA linear map 0x00000000d7000000(19000000)
[    0.456036] iommu: Adding device 54340000.vic to group 16
[    0.456255] iommu: Adding device 544c0000.nvenc to group 17
[    0.456462] iommu: Adding device 54500000.tsec to group 18
[    0.456674] iommu: Adding device 54100000.tsecb to group 19
[    0.456892] iommu: Adding device 54480000.nvdec to group 20
[    0.457119] iommu: Adding device 54380000.nvjpg to group 21
[    0.458187] iommu: Adding device 546c0000.i2c to group 22
[    0.458541] iommu: Adding device 57000000.gpu to group 23
[    0.458613] platform 57000000.gpu: domain=ffffffc0f9537318 allocates as[0]=ffffffc0f9b94318
[    0.458693] platform 57000000.gpu: domain=ffffffc0f9537318 allocates as[1]=ffffffc0f9b94380
[    0.458754] platform 57000000.gpu: domain=ffffffc0f9537318 allocates as[2]=ffffffc0f9b943e8
[    0.458808] platform 57000000.gpu: domain=ffffffc0f9537318 allocates as[3]=ffffffc0f9b94450
[    0.459698] tegra-pmc 7000e400.pmc: i2c-thermtrip node not found, emergency thermal reset disabled.
[    0.459741] tegra-pmc 7000e400.pmc: scratch reg offset dts data not present
[    0.459768] tegra-pmc: ### PMC reset source: TEGRA_SOFTWARE_RESET
[    0.459788] tegra-pmc: ### PMC reset level: TEGRA_RESET_LEVEL_WARM
[    0.459804] tegra-pmc: ### PMC reset status reg: 0x3
[    0.509291] padctrl padctrl.0: Pad control driver tegra-pmc-padctrl registered
[    0.509326] tegra-pmc: Clear bootloader IO dpd settings
[    0.509360] tegra-pmc 7000e400.pmc: IO padctrl driver initialized
[    0.509440] tegra-pmc 7000e400.pmc: PMC: Successfully configure bootrom reset commands
[    0.509776] iommu: Adding device 70012000.se to group 24
[    0.510576] iommu: Adding device 7000c000.i2c to group 25
[    0.510851] iommu: Adding device 7000c400.i2c to group 26
[    0.511122] iommu: Adding device 7000c500.i2c to group 27
[    0.511401] iommu: Adding device 7000c700.i2c to group 28
[    0.511685] iommu: Adding device 7000d000.i2c to group 29
[    0.511951] iommu: Adding device 7000d100.i2c to group 30
[    0.512256] iommu: Adding device sdhci-tegra.0 to group 31
[    0.512330] platform sdhci-tegra.0: domain=ffffffc0f9546498 allocates as[0]=ffffffc0f9b944b8
[    0.513289] iommu: Adding device 700d0000.xudc to group 32
[    0.517907] vdd-ac-bat: 5000 mV 
[    0.518299] vdd-5v0-sys: 5000 mV 
[    0.519310] vdd-5v0-hdmi: supplied by vdd-5v0-sys
[    0.519368] vdd-5v0-hdmi: 5000 mV 
[    0.519793] vdd-1v8: 1800 mV 
[    0.520274] vdd-fan: supplied by vdd-5v0-sys
[    0.520329] vdd-fan: 5000 mV 
[    0.520747] vdd-usb-vbus: supplied by vdd-5v0-sys
[    0.520804] vdd-usb-vbus: 5000 mV 
[    0.521376] vdd-usb-vbus2: 5000 mV 
[    0.550190] HugeTLB registered 2 MB page size, pre-allocated 0 pages
[    0.552797] GPIO line 151 (camera-control-output-low) hogged as output/low
[    0.553232] gpiochip_setup_dev: registered GPIOs 0 to 255 on device: gpiochip0 (tegra-gpio)
[    0.561262] eventlib_kernel: keventlib is initialized, test id: 0
[    0.561629] SCSI subsystem initialized
[    0.561867] libata version 3.00 loaded.
[    0.562159] usbcore: registered new interface driver usbfs
[    0.562235] usbcore: registered new interface driver hub
[    0.562327] usbcore: registered new device driver usb
[    0.566404] max77620 4-003c: PMIC Version OTP:0x35 and ES:0x8
[    0.567816] random: fast init done
[    0.573170] vdd-core: 600 <--> 1162 mV at 1075 mV 
[    0.574386] vdd-ddr-1v1: Bringing 1125000uV into 1150000-1150000uV
[    0.577036] vdd-ddr-1v1: 1150 mV 
[    0.581099] vdd-pre-reg-1v35: 1350 mV 
[    0.585130] vdd-1v8: 1800 mV 
[    0.585402] vdd-1v8: Failed to create debugfs directory
[    0.589022] avdd-sys-1v2: 1200 mV 
[    0.593026] vdd-pex-1v0: 1050 mV 
[    0.593818] vddio-sdmmc-ap: 1800 <--> 3300 mV at 3300 mV 
[    0.594511] max77620-ldo3: at 3100 mV 
[    0.597025] vdd-rtc: 850 <--> 1100 mV at 1000 mV 
[    0.597667] max77620-ldo5: at 3100 mV 
[    0.598320] max77620-ldo6: at 2800 mV 
[    0.601029] avdd-1v05-pll: 1050 mV 
[    0.605021] avdd-io-hdmi-dp: 1050 mV 
[    0.606410] GPIO line 505 (spmic-default-output-high) hogged as output/high
[    0.606705] gpiochip_setup_dev: registered GPIOs 504 to 511 on device: gpiochip1 (max77620-gpio)
[    0.608799] max77620 4-003c: max77620 probe successful
[    0.611123] i2c i2c-6: Unbalanced pm_runtime_enable!
[    0.611690] media: Linux media interface: v0.10
[    0.611752] Linux video capture interface: v2.00
[    0.612688] pps_core: LinuxPPS API ver. 1 registered
[    0.612715] pps_core: Software ver. 5.3.6 - Copyright 2005-2007 Rodolfo Giometti <giometti@linux.it>
[    0.612762] PTP clock support registered
[    0.616226] tegra_fiq_debugger_init: found FIQ source (IRQ 98)
[    0.622638] tegra210-emc 7001b000.external-memory-controller: validated EMC DFS table
[    0.623545] Advanced Linux Sound Architecture Driver Initialized.
[    0.624251] Bluetooth: Core ver 2.22
[    0.624326] NET: Registered protocol family 31
[    0.624345] Bluetooth: HCI device and connection manager initialized
[    0.624372] Bluetooth: HCI socket layer initialized
[    0.624394] Bluetooth: L2CAP socket layer initialized
[    0.624433] Bluetooth: SCO socket layer initialized
[    0.626149] tegra210_dvfs: no clock found for sdmmc2_ddr
[    0.626188] tegra210_dvfs: no clock found for sdmmc4_ddr
[    0.626246] tegra210_dvfs: no clock found for sdmmc1_ddr
[    0.626272] tegra210_dvfs: no clock found for sdmmc3_ddr
[    0.629214] tegra_dvfs: Unable to get vdd-cpu rail for step info, defering probe
[    0.630753] vdd-3v3-sys: supplied by vdd-5v0-sys
[    0.630845] vdd-3v3-sys: 3300 mV 
[    0.631142] vdd-1v8: supplied by vdd-3v3-sys
[    0.633093] vdd-usb-vbus2: supplied by vdd-3v3-sys
[    0.633580] vdd-3v3-sd: supplied by vdd-3v3-sys
[    0.633635] vdd-3v3-sd: 3300 mV 
[    0.634606] avdd-io-edp-1v05: supplied by avdd-1v05-pll
[    0.634665] avdd-io-edp-1v05: 1050 mV 
[    0.635174] vdd-usb-hub-en: supplied by vdd-1v8
[    0.635227] vdd-usb-hub-en: 5000 mV 
[    0.636659] camchar: rtcpu character device driver loaded
[    0.637413] extcon-gpio-states extcon:extcon@1: Cable state:0, cable id:0
[    0.638810] clocksource: Switched to clocksource arch_sys_counter
[    0.678749] VFS: Disk quotas dquot_6.6.0
[    0.678980] VFS: Dquot-cache hash table entries: 512 (order 0, 4096 bytes)
[    0.679493] nvmap_heap_init: nvmap_heap_init: created heap block cache
[    0.679963] dma_declare_coherent_resizable_cma_memory:324: resizable heap=vpr, base=0x00000000d7000000, size=0x19000000
[    0.680016]  dma-vpr: heap size is not multiple of cma_chunk_size heap_info->num_chunks (13) rem_chunk_size(0x1000000)
[    0.680249] cma: enabled page replacement for spfn=d7000, epfn=f0000
[    0.680275] dma_declare_coherent_resizable_cma_memory:373: resizable cma heap=vpr create successful
[    0.680302] tegra-carveouts tegra-carveouts: assigned reserved memory node vpr-carveout
[    0.680350] tegra-carveouts tegra-carveouts: iram :dma coherent mem declare 0x0000000040001000,258048
[    0.680375] tegra-carveouts tegra-carveouts: assigned reserved memory node iram-carveout
[    0.680411] nvmap: nvmap_select_cache_ops() nvmap cache ops set to set/ways
[    0.680431] nvmap_page_pool_init: Total RAM pages: 1010752
[    0.680450] nvmap_page_pool_init: nvmap page pool size: 126344 pages (493 MB)
[    0.680572] nvmap_background_zero_thread: PP zeroing thread starting.
[    0.681049] misc nvmap: created heap iram base 0x0000000040001000 size (252KiB)
[    0.682083] misc nvmap: created heap vpr base 0x00000000d7000000 size (409600KiB)
[    0.690242] thermal thermal_zone0: Registering thermal zone thermal_zone0 for type AO-therm
[    0.690654] thermal thermal_zone1: Registering thermal zone thermal_zone1 for type CPU-therm
[    0.690972] thermal thermal_zone2: Registering thermal zone thermal_zone2 for type GPU-therm
[    0.691216] thermal thermal_zone3: Registering thermal zone thermal_zone3 for type PLL-therm
[    0.691414] thermal thermal_zone4: Registering thermal zone thermal_zone4 for type PMIC-Die
[    0.691725] pre_t19x_iso_plat_init(): iso emc max clk=1600000KHz
[    0.691746] pre_t19x_iso_plat_init(): max_iso_bw=33280000KB
[    0.692201] NET: Registered protocol family 2
[    0.693205] TCP established hash table entries: 32768 (order: 6, 262144 bytes)
[    0.693444] TCP bind hash table entries: 32768 (order: 7, 524288 bytes)
[    0.694002] TCP: Hash tables configured (established 32768 bind 32768)
[    0.694182] UDP hash table entries: 2048 (order: 4, 65536 bytes)
[    0.694280] UDP-Lite hash table entries: 2048 (order: 4, 65536 bytes)
[    0.694748] NET: Registered protocol family 1
[    0.695552] RPC: Registered named UNIX socket transport module.
[    0.695581] RPC: Registered udp transport module.
[    0.695598] RPC: Registered tcp transport module.
[    0.695615] RPC: Registered tcp NFSv4.1 backchannel transport module.
[    0.695640] PCI: CLS 0 bytes, default 64
[    0.695894] Trying to unpack rootfs image as initramfs...
[    0.705700] host1x 50000000.host1x: initialized
[    0.707723] hw perfevents: enabled with armv8_pmuv3 PMU driver, 7 counters available
[    0.711078] audit: initializing netlink subsys (disabled)
[    0.711170] audit: type=2000 audit(0.559:1): initialized
[    0.711947] workingset: timestamp_bits=46 max_order=20 bucket_order=0
[    0.722314] squashfs: version 4.0 (2009/01/31) Phillip Lougher
[    0.723929] ntfs: driver 2.1.32 [Flags: R/W].
[    0.724753] 9p: Installing v9fs 9p2000 file system support
[    0.728190] Block layer SCSI generic (bsg) driver version 0.4 loaded (major 240)
[    0.728342] io scheduler noop registered
[    0.728647] io scheduler cfq registered (default)
[    0.731436] gic 702f9000.agic: GIC IRQ controller registered
[    0.734421] iommu: Adding device 702ef000.adsp to group 33
[    0.741555] iommu: Adding device aconnect@702c0000:adsp_audio to group 34
[    0.741755] tegra-aconnect aconnect@702c0000: Tegra ACONNECT bus registered
[    0.742411] tegra-xusb-padctl 7009f000.xusb_padctl: TEGRA_FUSE_SKU_CALIB_0 = 0x924a410
[    0.742442] tegra-xusb-padctl 7009f000.xusb_padctl: TEGRA_FUSE_USB_CALIB_EXT_0 = 0x4
[    0.744467] tegra-xusb-padctl 7009f000.xusb_padctl: dev = phy-usb2.0, lane = usb2-0, function = xusb
[    0.744604] tegra-xusb-padctl 7009f000.xusb_padctl: dev = phy-usb2.1, lane = usb2-1, function = xusb
[    0.744761] tegra-xusb-padctl 7009f000.xusb_padctl: dev = phy-usb2.2, lane = usb2-2, function = xusb
[    0.744970] tegra-xusb-padctl 7009f000.xusb_padctl: dev = phy-pcie.3, lane = pcie-0, function = pcie-x1
[    0.745082] tegra-xusb-padctl 7009f000.xusb_padctl: dev = phy-pcie.4, lane = pcie-1, function = pcie-x4
[    0.745189] tegra-xusb-padctl 7009f000.xusb_padctl: dev = phy-pcie.5, lane = pcie-2, function = pcie-x4
[    0.745301] tegra-xusb-padctl 7009f000.xusb_padctl: dev = phy-pcie.6, lane = pcie-3, function = pcie-x4
[    0.745410] tegra-xusb-padctl 7009f000.xusb_padctl: dev = phy-pcie.7, lane = pcie-4, function = pcie-x4
[    0.745522] tegra-xusb-padctl 7009f000.xusb_padctl: dev = phy-pcie.8, lane = pcie-5, function = xusb
[    0.745630] tegra-xusb-padctl 7009f000.xusb_padctl: dev = phy-pcie.9, lane = pcie-6, function = xusb
[    0.751967] tegra-pwm 7000a000.pwm: PWM clk cannot sleep in ops
[    0.753325] tegra-dfll-pwm 70110000.pwm: DFLL pwm-rate: 12800000
[    0.755266] tegra-pcie 1003000.pcie-controller: 4x1, 1x1 configuration
[    0.756567] tegra-pcie 1003000.pcie-controller: PCIE: Enable power rails
[    0.756941] tegra-pcie 1003000.pcie-controller: probing port 0, using 4 lanes
[    0.758166] tegra_camera_platform tegra-camera-platform: tegra_camera_probe:camera_platform_driver probe
[    0.758440] misc tegra_camera_ctrl: tegra_camera_isomgr_register isp_iso_bw=1500000, vi_iso_bw=750000, max_bw=1500000
[    0.758721] Adding domain tsec-pd to PM domain host1x-pd
[    0.760820] tegra-pcie 1003000.pcie-controller: probing port 1, using 1 lanes
[    0.761879] tsec 54500000.tsec: initialized
[    0.763521] tsec 54100000.tsecb: initialized
[    0.764273] Adding domain nvdec-pd to PM domain host1x-pd
[    0.767501] nvdec 54480000.nvdec: initialized
[    0.768636] Adding domain vic03-pd to PM domain host1x-pd
[    0.768843] Adding domain msenc-pd to PM domain host1x-pd
[    0.769016] Adding domain nvjpg-pd to PM domain host1x-pd
[    0.772839] falcon 54340000.vic: initialized
[    0.774098] falcon 544c0000.nvenc: initialized
[    0.775472] falcon 54380000.nvjpg: initialized
[    0.780077] tegradc tegradc.0: disp0 connected to head0->/host1x/sor1
[    0.780214] display board info: id 0x0, fab 0x0
[    0.780293] generic_infoframe_type: 0x87
[    0.780435] tegradc tegradc.0: DT parsed successfully
[    0.780495] tegradc tegradc.0: Display dc.ffffff800ab40000 registered with id=0
[    0.781104] tegradc tegradc.0: Bootloader disp_param detected. Detected mode: 1920x1080 (on 0x0mm) pclk=148350781
[    0.783984] tegradc tegradc.0: probed
[    0.788846] tegra-apbdma 60020000.dma: Tegra20 APB DMA driver register 32 channels
[    0.793750] tegra-adma 702e2000.adma: Tegra210 ADMA driver registered 10 channels
[    0.794685] tegra-fuse-burn 7000f800.efuse:efuse-burn: Fuse burn driver initialized
[    0.795399] tegra-pcie 1003000.pcie-controller: PCI host bridge to bus 0000:00
[    0.795448] pci_bus 0000:00: root bus resource [io  0x0000-0xffff]
[    0.795472] pci_bus 0000:00: root bus resource [mem 0x13000000-0x1fffffff]
[    0.795494] pci_bus 0000:00: root bus resource [mem 0x20000000-0x3fffffff pref]
[    0.795524] pci_bus 0000:00: root bus resource [bus 00-ff]
[    0.795612] pci 0000:00:01.0: [10de:0fae] type 01 class 0x060400
[    0.795802] pci 0000:00:01.0: PME# supported from D0 D1 D2 D3hot D3cold
[    0.796055] kfuse 7000fc00.kfuse: initialized
[    0.796211] pci 0000:00:02.0: [10de:0faf] type 01 class 0x060400
[    0.796330] pci 0000:00:02.0: PME# supported from D0 D1 D2 D3hot D3cold
[    0.796583] pci 0000:00:01.0: bridge configuration invalid ([bus 00-00]), reconfiguring
[    0.796628] pci 0000:00:02.0: bridge configuration invalid ([bus 00-00]), reconfiguring
[    0.797339] pci 0000:01:00.0: [8086:2526] type 00 class 0x028000
[    0.797411] pci 0000:01:00.0: reg 0x10: [mem 0x00000000-0x00003fff 64bit]
[    0.797740] pci 0000:01:00.0: PME# supported from D0 D3hot D3cold
[    0.797973] tegra-pmc-iopower pmc-iopower: Regulator supply iopower-dbg-supply not available
[    0.799274] tegra-pmc-iopower pmc-iopower: NO_IOPOWER setting 0x0
[    0.800917] tegra-dfll-pwm 70110000.pwm: DFLL_PWM regulator is available now
[    0.800967] vdd-cpu: 708 <--> 1322 mV at 708 mV 
[    0.801534] pwm-regulator pwm_regulators:pwm-regulator@0: PWM regulator registration passed
[    0.803224] vdd-gpu: applied init 1000000uV constraint
[    0.803259] vdd-gpu: 708 <--> 1323 mV at 997 mV 
[    0.803732] pwm-regulator pwm_regulators:pwm-regulator@1: PWM regulator registration passed
[    0.807019] pci_bus 0000:01: busn_res: [bus 01-ff] end is updated to 01
[    0.807347] pci 0000:02:00.0: [10ec:8168] type 00 class 0x020000
[    0.807402] pci 0000:02:00.0: reg 0x10: [io  0x0000-0x00ff]
[    0.807458] pci 0000:02:00.0: reg 0x18: [mem 0x00000000-0x00000fff 64bit]
[    0.807490] pci 0000:02:00.0: reg 0x20: [mem 0x00000000-0x00003fff 64bit]
[    0.807791] pci 0000:02:00.0: supports D1 D2
[    0.807797] pci 0000:02:00.0: PME# supported from D0 D1 D2 D3hot D3cold
[    0.809755] Serial: 8250/16550 driver, 4 ports, IRQ sharing disabled
[    0.809960] No Device Node present for smmu client: serial8250 !!
[    0.809992] platform serial8250: No iommus property found in DT node, got swgids from fixup(101004000)
[    0.810079] iommu: Adding device serial8250 to group 35
[    0.813845] console [ttyS0] disabled
[    0.814033] 70006000.serial: ttyS0 at MMIO 0x70006000 (irq = 63, base_baud = 25500000) is a Tegra
[    0.822984] pci_bus 0000:02: busn_res: [bus 02-ff] end is updated to 02
[    0.823121] pci 0000:00:01.0: BAR 14: assigned [mem 0x13000000-0x130fffff]
[    0.823131] pci 0000:00:02.0: BAR 14: assigned [mem 0x13100000-0x131fffff]
[    0.823137] pci 0000:00:02.0: BAR 13: assigned [io  0x1000-0x1fff]
[    0.823154] pci 0000:01:00.0: BAR 0: assigned [mem 0x13000000-0x13003fff 64bit]
[    0.823193] pci 0000:00:01.0: PCI bridge to [bus 01]
[    0.823205] pci 0000:00:01.0:   bridge window [mem 0x13000000-0x130fffff]
[    0.823221] pci 0000:02:00.0: BAR 4: assigned [mem 0x13100000-0x13103fff 64bit]
[    0.823246] pci 0000:02:00.0: BAR 2: assigned [mem 0x13104000-0x13104fff 64bit]
[    0.823271] pci 0000:02:00.0: BAR 0: assigned [io  0x1000-0x10ff]
[    0.823281] pci 0000:00:02.0: PCI bridge to [bus 02]
[    0.823285] pci 0000:00:02.0:   bridge window [io  0x1000-0x1fff]
[    0.823293] pci 0000:00:02.0:   bridge window [mem 0x13100000-0x131fffff]
[    0.823697] tegra-pcie 1003000.pcie-controller: speed change : Gen-1 -> Gen-2
[    0.850072] pcieport 0000:00:01.0: Signaling PME through PCIe PME interrupt
[    0.850080] pci 0000:01:00.0: Signaling PME through PCIe PME interrupt
[    0.850087] pcie_pme 0000:00:01.0:pcie001: service driver pcie_pme loaded
[    0.850218] aer 0000:00:01.0:pcie002: service driver aer loaded
[    0.850456] pcieport 0000:00:02.0: Signaling PME through PCIe PME interrupt
[    0.850462] pci 0000:02:00.0: Signaling PME through PCIe PME interrupt
[    0.850468] pcie_pme 0000:00:02.0:pcie001: service driver pcie_pme loaded
[    0.850579] aer 0000:00:02.0:pcie002: service driver aer loaded
[    0.850830] pcieport 0000:00:01.0: AER: Multiple Uncorrected (Non-Fatal) error received: id=0010
[    0.850844] pcieport 0000:00:01.0: PCIe Bus Error: severity=Uncorrected (Non-Fatal), type=Transaction Layer, id=0008(Requester ID)
[    0.850850] pcieport 0000:00:01.0:   device [10de:0fae] error status/mask=00004000/00000000
[    0.850855] pcieport 0000:00:01.0:    [14] Completion Timeout     (First)
[    0.850862] pcieport 0000:00:01.0: broadcast error_detected message
[    0.850867] pcieport 0000:00:01.0: AER: Device recovery failed
[    3.297657] console [ttyS0] enabled
[    3.298248] Console: switching to colour frame buffer device 240x67
[    3.300147] 70006040.serial: ttyTHS1 at MMIO 0x70006040 (irq = 64, base_baud = 0) is a TEGRA_UART
[    3.300494] serial-tegra 70006200.serial: RX in PIO mode
[    3.300596] 70006200.serial: ttyTHS2 at MMIO 0x70006200 (irq = 65, base_baud = 0) is a TEGRA_UART
[    3.301662] [drm] Initialized
[    3.333871] brd: module loaded
[    3.338394] tegradc tegradc.0: fb registered
[    3.344491] loop: module loaded
[    3.347802] tegra_profiler: version: 1.132, samples/io: 46/26
[    3.351474] tegradc tegradc.0: DC initialized, skipping tegra_dc_program_mode.
[    3.351516] tegradc tegradc.0: hdmi: tmds rate:148351K prod-setting:prod_c_hdmi_75m_150m
[    3.352009] tegradc tegradc.0: hdmi: get RGB quant from REG programmed by BL.
[    3.352019] tegradc tegradc.0: hdmi: get YCC quant from REG programmed by BL.
[    3.352345] extcon-disp-state extcon:disp-state: cable 47 state 1
[    3.352350] Extcon AUX1(HDMI) enable
[    3.353230] tegradc tegradc.1: disp1 connected to head1->/host1x/sor
[    3.353302] tegradc tegradc.1: No lt-data, using default setting
[    3.353330] tegradc tegradc.1: No hpd-gpio in DT
[    3.353360] tegradc tegradc.1: DT parsed successfully
[    3.353413] tegradc tegradc.1: Display dc.ffffff800f4c0000 registered with id=1
[    3.354829] tegradc tegradc.1: dpd enable lookup fail:-19
[    3.359083] tegradc tegradc.1: probed
[    3.369699] edid invalid
[    3.397349] tegradc tegradc.0: nominal-pclk:148351648 parent:148350781 div:1.0 pclk:148350781 146868084~161703244
[    3.444831] tegradc tegradc.1: fb registered
[    3.444962] tegra_profiler: auth: init
[    3.446470] THERMAL EST: found 2 subdevs
[    3.446476] THERMAL EST num_resources: 0
[    3.446482] [THERMAL EST subdev 0]
[    3.446488] [THERMAL EST subdev 1]
[    3.446994] thermal thermal_zone5: Registering thermal zone thermal_zone5 for type thermal-fan-est
[    3.446995] THERMAL EST: thz register success.
[    3.451297] THERMAL EST: end of probe, return err: 0
[    3.452595] hisi_sas: driver version v1.6
[    3.457777] tegra-qspi 70410000.spi: Prod settings list not found
[    3.459355] qspi_mtd spi32766.0: MX25U3235F (4096 Kbytes)
[    3.459363] qspi_mtd spi32766.0: mtd .name = spi32766.0, .size = 0x400000 (4MiB) .erasesize = 0x00001000 (4KiB) .numeraseregions = 0
[    3.466669] libphy: Fixed MDIO Bus: probed
[    3.467359] tun: Universal TUN/TAP device driver, 1.6
[    3.467361] tun: (C) 1999-2004 Max Krasnyansky <maxk@qualcomm.com>
[    3.468609] e1000e: Intel(R) PRO/1000 Network Driver - 3.2.6-k
[    3.468612] e1000e: Copyright(c) 1999 - 2015 Intel Corporation.
[    3.468669] igb: Intel(R) Gigabit Ethernet Network Driver - version 5.4.0-k
[    3.468672] igb: Copyright (c) 2007-2014 Intel Corporation.
[    3.468726] igbvf: Intel(R) Gigabit Virtual Function Network Driver - version 2.4.0-k
[    3.468728] igbvf: Copyright (c) 2009 - 2012 Intel Corporation.
[    3.468783] Intel(R) 10GbE PCI Express Linux Network Driver - version 4.6.4
[    3.468788] Copyright(c) 1999 - 2017 Intel Corporation.
[    3.469703] r8168 0000:02:00.0: enabling device (0000 -> 0003)
[    3.469735] r8168 Gigabit Ethernet driver 8.045.08-NAPI loaded
